2025-11-22T17:14:02.249706Z  INFO tailwindcss_oxide::scanner: Provided sources:
2025-11-22T17:14:02.250279Z  INFO tailwindcss_oxide::scanner: Source: PublicSourceEntry { base: "G:/Projects/Coding/cryofert-mobile-app", pattern: "**/*", negated: false }
2025-11-22T17:14:02.250495Z  INFO tailwindcss_oxide::scanner: Optimized sources:
2025-11-22T17:14:02.250515Z  INFO tailwindcss_oxide::scanner: Source: Auto { base: "G:\\Projects\\Coding\\cryofert-mobile-app" }
2025-11-22T17:14:02.252816Z  INFO scan_sources: tailwindcss_oxide::scanner: enter
2025-11-22T17:14:02.255450Z  INFO scan_sources: tailwindcss_oxide::scanner: Discovering "G:\\Projects\\Coding\\cryofert-mobile-app\\.browserslistrc"
2025-11-22T17:14:02.255672Z  INFO scan_sources: tailwindcss_oxide::scanner: Discovering "G:\\Projects\\Coding\\cryofert-mobile-app\\.env.webpreview"
2025-11-22T17:14:02.256655Z  INFO scan_sources: tailwindcss_oxide::scanner: Discovering "G:\\Projects\\Coding\\cryofert-mobile-app\\.github"
2025-11-22T17:14:02.257388Z  INFO scan_sources: tailwindcss_oxide::scanner: Discovering "G:\\Projects\\Coding\\cryofert-mobile-app\\.github\\configs"
2025-11-22T17:14:02.257905Z  INFO scan_sources: tailwindcss_oxide::scanner: Discovering "G:\\Projects\\Coding\\cryofert-mobile-app\\.github\\configs\\.release-please-manifest.json"
2025-11-22T17:14:02.258173Z  INFO scan_sources: tailwindcss_oxide::scanner: Discovering "G:\\Projects\\Coding\\cryofert-mobile-app\\.github\\configs\\release-please-config.json"
2025-11-22T17:14:02.258562Z  INFO scan_sources: tailwindcss_oxide::scanner: Discovering "G:\\Projects\\Coding\\cryofert-mobile-app\\.github\\workflows"
2025-11-22T17:14:02.259104Z  INFO scan_sources: tailwindcss_oxide::scanner: Discovering "G:\\Projects\\Coding\\cryofert-mobile-app\\.github\\workflows\\build-android.yml"
2025-11-22T17:14:02.259493Z  INFO scan_sources: tailwindcss_oxide::scanner: Discovering "G:\\Projects\\Coding\\cryofert-mobile-app\\.github\\workflows\\generate-gh-app-token"
2025-11-22T17:14:02.259980Z  INFO scan_sources: tailwindcss_oxide::scanner: Discovering "G:\\Projects\\Coding\\cryofert-mobile-app\\.github\\workflows\\generate-gh-app-token\\action.yml"
2025-11-22T17:14:02.260215Z  INFO scan_sources: tailwindcss_oxide::scanner: Discovering "G:\\Projects\\Coding\\cryofert-mobile-app\\.github\\workflows\\release-please.yml"
2025-11-22T17:14:02.260472Z  INFO scan_sources: tailwindcss_oxide::scanner: Discovering "G:\\Projects\\Coding\\cryofert-mobile-app\\.oxlintrc.json"
2025-11-22T17:14:02.260827Z  INFO scan_sources: tailwindcss_oxide::scanner: Discovering "G:\\Projects\\Coding\\cryofert-mobile-app\\.vscode"
2025-11-22T17:14:02.261336Z  INFO scan_sources: tailwindcss_oxide::scanner: Discovering "G:\\Projects\\Coding\\cryofert-mobile-app\\.vscode\\settings.json"
2025-11-22T17:14:02.261701Z  INFO scan_sources: tailwindcss_oxide::scanner: Discovering "G:\\Projects\\Coding\\cryofert-mobile-app\\android"
2025-11-22T17:14:02.263168Z  INFO scan_sources: tailwindcss_oxide::scanner: Discovering "G:\\Projects\\Coding\\cryofert-mobile-app\\android\\app"
2025-11-22T17:14:02.264266Z  INFO scan_sources: tailwindcss_oxide::scanner: Discovering "G:\\Projects\\Coding\\cryofert-mobile-app\\android\\app\\build.gradle"
2025-11-22T17:14:02.264463Z  INFO scan_sources: tailwindcss_oxide::scanner: Discovering "G:\\Projects\\Coding\\cryofert-mobile-app\\android\\app\\capacitor.build.gradle"
2025-11-22T17:14:02.264654Z  INFO scan_sources: tailwindcss_oxide::scanner: Discovering "G:\\Projects\\Coding\\cryofert-mobile-app\\android\\app\\proguard-rules.pro"
2025-11-22T17:14:02.264986Z  INFO scan_sources: tailwindcss_oxide::scanner: Discovering "G:\\Projects\\Coding\\cryofert-mobile-app\\android\\app\\src"
2025-11-22T17:14:02.265603Z  INFO scan_sources: tailwindcss_oxide::scanner: Discovering "G:\\Projects\\Coding\\cryofert-mobile-app\\android\\app\\src\\androidTest"
2025-11-22T17:14:02.266319Z  INFO scan_sources: tailwindcss_oxide::scanner: Discovering "G:\\Projects\\Coding\\cryofert-mobile-app\\android\\app\\src\\androidTest\\java"
2025-11-22T17:14:02.266959Z  INFO scan_sources: tailwindcss_oxide::scanner: Discovering "G:\\Projects\\Coding\\cryofert-mobile-app\\android\\app\\src\\androidTest\\java\\com"
2025-11-22T17:14:02.267640Z  INFO scan_sources: tailwindcss_oxide::scanner: Discovering "G:\\Projects\\Coding\\cryofert-mobile-app\\android\\app\\src\\androidTest\\java\\com\\getcapacitor"
2025-11-22T17:14:02.268279Z  INFO scan_sources: tailwindcss_oxide::scanner: Discovering "G:\\Projects\\Coding\\cryofert-mobile-app\\android\\app\\src\\androidTest\\java\\com\\getcapacitor\\myapp"
2025-11-22T17:14:02.268748Z  INFO scan_sources: tailwindcss_oxide::scanner: Discovering "G:\\Projects\\Coding\\cryofert-mobile-app\\android\\app\\src\\androidTest\\java\\com\\getcapacitor\\myapp\\ExampleInstrumentedTest.java"
2025-11-22T17:14:02.269193Z  INFO scan_sources: tailwindcss_oxide::scanner: Discovering "G:\\Projects\\Coding\\cryofert-mobile-app\\android\\app\\src\\main"
2025-11-22T17:14:02.269688Z  INFO scan_sources: tailwindcss_oxide::scanner: Discovering "G:\\Projects\\Coding\\cryofert-mobile-app\\android\\app\\src\\main\\AndroidManifest.xml"
2025-11-22T17:14:02.270016Z  INFO scan_sources: tailwindcss_oxide::scanner: Discovering "G:\\Projects\\Coding\\cryofert-mobile-app\\android\\app\\src\\main\\assets"
2025-11-22T17:14:02.271143Z  INFO scan_sources: tailwindcss_oxide::scanner: Discovering "G:\\Projects\\Coding\\cryofert-mobile-app\\android\\app\\src\\main\\java"
2025-11-22T17:14:02.271721Z  INFO scan_sources: tailwindcss_oxide::scanner: Discovering "G:\\Projects\\Coding\\cryofert-mobile-app\\android\\app\\src\\main\\java\\sky"
2025-11-22T17:14:02.272292Z  INFO scan_sources: tailwindcss_oxide::scanner: Discovering "G:\\Projects\\Coding\\cryofert-mobile-app\\android\\app\\src\\main\\java\\sky\\ptphongkmf"
2025-11-22T17:14:02.272850Z  INFO scan_sources: tailwindcss_oxide::scanner: Discovering "G:\\Projects\\Coding\\cryofert-mobile-app\\android\\app\\src\\main\\java\\sky\\ptphongkmf\\cryofert"
2025-11-22T17:14:02.273305Z  INFO scan_sources: tailwindcss_oxide::scanner: Discovering "G:\\Projects\\Coding\\cryofert-mobile-app\\android\\app\\src\\main\\java\\sky\\ptphongkmf\\cryofert\\MainActivity.java"
2025-11-22T17:14:02.273689Z  INFO scan_sources: tailwindcss_oxide::scanner: Discovering "G:\\Projects\\Coding\\cryofert-mobile-app\\android\\app\\src\\main\\res"
2025-11-22T17:14:02.274292Z  INFO scan_sources: tailwindcss_oxide::scanner: Discovering "G:\\Projects\\Coding\\cryofert-mobile-app\\android\\app\\src\\main\\res\\drawable"
2025-11-22T17:14:02.274746Z  INFO scan_sources: tailwindcss_oxide::scanner: Discovering "G:\\Projects\\Coding\\cryofert-mobile-app\\android\\app\\src\\main\\res\\drawable\\ic_launcher_background.xml"
2025-11-22T17:14:02.275115Z  INFO scan_sources: tailwindcss_oxide::scanner: Discovering "G:\\Projects\\Coding\\cryofert-mobile-app\\android\\app\\src\\main\\res\\drawable-land-hdpi"
2025-11-22T17:14:02.275747Z  INFO scan_sources: tailwindcss_oxide::scanner: Discovering "G:\\Projects\\Coding\\cryofert-mobile-app\\android\\app\\src\\main\\res\\drawable-land-mdpi"
2025-11-22T17:14:02.276370Z  INFO scan_sources: tailwindcss_oxide::scanner: Discovering "G:\\Projects\\Coding\\cryofert-mobile-app\\android\\app\\src\\main\\res\\drawable-land-xhdpi"
2025-11-22T17:14:02.276983Z  INFO scan_sources: tailwindcss_oxide::scanner: Discovering "G:\\Projects\\Coding\\cryofert-mobile-app\\android\\app\\src\\main\\res\\drawable-land-xxhdpi"
2025-11-22T17:14:02.277638Z  INFO scan_sources: tailwindcss_oxide::scanner: Discovering "G:\\Projects\\Coding\\cryofert-mobile-app\\android\\app\\src\\main\\res\\drawable-land-xxxhdpi"
2025-11-22T17:14:02.278325Z  INFO scan_sources: tailwindcss_oxide::scanner: Discovering "G:\\Projects\\Coding\\cryofert-mobile-app\\android\\app\\src\\main\\res\\drawable-port-hdpi"
2025-11-22T17:14:02.278987Z  INFO scan_sources: tailwindcss_oxide::scanner: Discovering "G:\\Projects\\Coding\\cryofert-mobile-app\\android\\app\\src\\main\\res\\drawable-port-mdpi"
2025-11-22T17:14:02.279633Z  INFO scan_sources: tailwindcss_oxide::scanner: Discovering "G:\\Projects\\Coding\\cryofert-mobile-app\\android\\app\\src\\main\\res\\drawable-port-xhdpi"
2025-11-22T17:14:02.280309Z  INFO scan_sources: tailwindcss_oxide::scanner: Discovering "G:\\Projects\\Coding\\cryofert-mobile-app\\android\\app\\src\\main\\res\\drawable-port-xxhdpi"
2025-11-22T17:14:02.280934Z  INFO scan_sources: tailwindcss_oxide::scanner: Discovering "G:\\Projects\\Coding\\cryofert-mobile-app\\android\\app\\src\\main\\res\\drawable-port-xxxhdpi"
2025-11-22T17:14:02.281551Z  INFO scan_sources: tailwindcss_oxide::scanner: Discovering "G:\\Projects\\Coding\\cryofert-mobile-app\\android\\app\\src\\main\\res\\drawable-v24"
2025-11-22T17:14:02.282011Z  INFO scan_sources: tailwindcss_oxide::scanner: Discovering "G:\\Projects\\Coding\\cryofert-mobile-app\\android\\app\\src\\main\\res\\drawable-v24\\ic_launcher_foreground.xml"
2025-11-22T17:14:02.282369Z  INFO scan_sources: tailwindcss_oxide::scanner: Discovering "G:\\Projects\\Coding\\cryofert-mobile-app\\android\\app\\src\\main\\res\\layout"
2025-11-22T17:14:02.282833Z  INFO scan_sources: tailwindcss_oxide::scanner: Discovering "G:\\Projects\\Coding\\cryofert-mobile-app\\android\\app\\src\\main\\res\\layout\\activity_main.xml"
2025-11-22T17:14:02.283180Z  INFO scan_sources: tailwindcss_oxide::scanner: Discovering "G:\\Projects\\Coding\\cryofert-mobile-app\\android\\app\\src\\main\\res\\mipmap-anydpi-v26"
2025-11-22T17:14:02.283642Z  INFO scan_sources: tailwindcss_oxide::scanner: Discovering "G:\\Projects\\Coding\\cryofert-mobile-app\\android\\app\\src\\main\\res\\mipmap-anydpi-v26\\ic_launcher.xml"
2025-11-22T17:14:02.283828Z  INFO scan_sources: tailwindcss_oxide::scanner: Discovering "G:\\Projects\\Coding\\cryofert-mobile-app\\android\\app\\src\\main\\res\\mipmap-anydpi-v26\\ic_launcher_round.xml"
2025-11-22T17:14:02.284191Z  INFO scan_sources: tailwindcss_oxide::scanner: Discovering "G:\\Projects\\Coding\\cryofert-mobile-app\\android\\app\\src\\main\\res\\mipmap-hdpi"
2025-11-22T17:14:02.284859Z  INFO scan_sources: tailwindcss_oxide::scanner: Discovering "G:\\Projects\\Coding\\cryofert-mobile-app\\android\\app\\src\\main\\res\\mipmap-mdpi"
2025-11-22T17:14:02.285531Z  INFO scan_sources: tailwindcss_oxide::scanner: Discovering "G:\\Projects\\Coding\\cryofert-mobile-app\\android\\app\\src\\main\\res\\mipmap-xhdpi"
2025-11-22T17:14:02.286321Z  INFO scan_sources: tailwindcss_oxide::scanner: Discovering "G:\\Projects\\Coding\\cryofert-mobile-app\\android\\app\\src\\main\\res\\mipmap-xxhdpi"
2025-11-22T17:14:02.287426Z  INFO scan_sources: tailwindcss_oxide::scanner: Discovering "G:\\Projects\\Coding\\cryofert-mobile-app\\android\\app\\src\\main\\res\\mipmap-xxxhdpi"
2025-11-22T17:14:02.288295Z  INFO scan_sources: tailwindcss_oxide::scanner: Discovering "G:\\Projects\\Coding\\cryofert-mobile-app\\android\\app\\src\\main\\res\\values"
2025-11-22T17:14:02.289148Z  INFO scan_sources: tailwindcss_oxide::scanner: Discovering "G:\\Projects\\Coding\\cryofert-mobile-app\\android\\app\\src\\main\\res\\values\\ic_launcher_background.xml"
2025-11-22T17:14:02.289599Z  INFO scan_sources: tailwindcss_oxide::scanner: Discovering "G:\\Projects\\Coding\\cryofert-mobile-app\\android\\app\\src\\main\\res\\values\\strings.xml"
2025-11-22T17:14:02.289970Z  INFO scan_sources: tailwindcss_oxide::scanner: Discovering "G:\\Projects\\Coding\\cryofert-mobile-app\\android\\app\\src\\main\\res\\values\\styles.xml"
2025-11-22T17:14:02.290602Z  INFO scan_sources: tailwindcss_oxide::scanner: Discovering "G:\\Projects\\Coding\\cryofert-mobile-app\\android\\app\\src\\main\\res\\xml"
2025-11-22T17:14:02.291351Z  INFO scan_sources: tailwindcss_oxide::scanner: Discovering "G:\\Projects\\Coding\\cryofert-mobile-app\\android\\app\\src\\main\\res\\xml\\file_paths.xml"
2025-11-22T17:14:02.291983Z  INFO scan_sources: tailwindcss_oxide::scanner: Discovering "G:\\Projects\\Coding\\cryofert-mobile-app\\android\\app\\src\\test"
2025-11-22T17:14:02.292906Z  INFO scan_sources: tailwindcss_oxide::scanner: Discovering "G:\\Projects\\Coding\\cryofert-mobile-app\\android\\app\\src\\test\\java"
2025-11-22T17:14:02.293614Z  INFO scan_sources: tailwindcss_oxide::scanner: Discovering "G:\\Projects\\Coding\\cryofert-mobile-app\\android\\app\\src\\test\\java\\com"
2025-11-22T17:14:02.294295Z  INFO scan_sources: tailwindcss_oxide::scanner: Discovering "G:\\Projects\\Coding\\cryofert-mobile-app\\android\\app\\src\\test\\java\\com\\getcapacitor"
2025-11-22T17:14:02.295053Z  INFO scan_sources: tailwindcss_oxide::scanner: Discovering "G:\\Projects\\Coding\\cryofert-mobile-app\\android\\app\\src\\test\\java\\com\\getcapacitor\\myapp"
2025-11-22T17:14:02.295595Z  INFO scan_sources: tailwindcss_oxide::scanner: Discovering "G:\\Projects\\Coding\\cryofert-mobile-app\\android\\app\\src\\test\\java\\com\\getcapacitor\\myapp\\ExampleUnitTest.java"
2025-11-22T17:14:02.296769Z  INFO scan_sources: tailwindcss_oxide::scanner: Discovering "G:\\Projects\\Coding\\cryofert-mobile-app\\android\\build.gradle"
2025-11-22T17:14:02.297491Z  INFO scan_sources: tailwindcss_oxide::scanner: Discovering "G:\\Projects\\Coding\\cryofert-mobile-app\\android\\capacitor.settings.gradle"
2025-11-22T17:14:02.297839Z  INFO scan_sources: tailwindcss_oxide::scanner: Discovering "G:\\Projects\\Coding\\cryofert-mobile-app\\android\\gradle"
2025-11-22T17:14:02.298464Z  INFO scan_sources: tailwindcss_oxide::scanner: Discovering "G:\\Projects\\Coding\\cryofert-mobile-app\\android\\gradle\\wrapper"
2025-11-22T17:14:02.298963Z  INFO scan_sources: tailwindcss_oxide::scanner: Discovering "G:\\Projects\\Coding\\cryofert-mobile-app\\android\\gradle\\wrapper\\gradle-wrapper.properties"
2025-11-22T17:14:02.299211Z  INFO scan_sources: tailwindcss_oxide::scanner: Discovering "G:\\Projects\\Coding\\cryofert-mobile-app\\android\\gradle.properties"
2025-11-22T17:14:02.299404Z  INFO scan_sources: tailwindcss_oxide::scanner: Discovering "G:\\Projects\\Coding\\cryofert-mobile-app\\android\\gradlew"
2025-11-22T17:14:02.299599Z  INFO scan_sources: tailwindcss_oxide::scanner: Discovering "G:\\Projects\\Coding\\cryofert-mobile-app\\android\\gradlew.bat"
2025-11-22T17:14:02.299790Z  INFO scan_sources: tailwindcss_oxide::scanner: Discovering "G:\\Projects\\Coding\\cryofert-mobile-app\\android\\settings.gradle"
2025-11-22T17:14:02.299981Z  INFO scan_sources: tailwindcss_oxide::scanner: Discovering "G:\\Projects\\Coding\\cryofert-mobile-app\\android\\variables.gradle"
2025-11-22T17:14:02.300223Z  INFO scan_sources: tailwindcss_oxide::scanner: Discovering "G:\\Projects\\Coding\\cryofert-mobile-app\\capacitor.config.ts"
2025-11-22T17:14:02.300415Z  INFO scan_sources: tailwindcss_oxide::scanner: Discovering "G:\\Projects\\Coding\\cryofert-mobile-app\\CHANGELOG.md"
2025-11-22T17:14:02.301104Z  INFO scan_sources: tailwindcss_oxide::scanner: Discovering "G:\\Projects\\Coding\\cryofert-mobile-app\\how-to-remove-test-lib.md"
2025-11-22T17:14:02.301290Z  INFO scan_sources: tailwindcss_oxide::scanner: Discovering "G:\\Projects\\Coding\\cryofert-mobile-app\\index.html"
2025-11-22T17:14:02.301475Z  INFO scan_sources: tailwindcss_oxide::scanner: Discovering "G:\\Projects\\Coding\\cryofert-mobile-app\\ionic.config.json"
2025-11-22T17:14:02.301659Z  INFO scan_sources: tailwindcss_oxide::scanner: Discovering "G:\\Projects\\Coding\\cryofert-mobile-app\\LICENSE"
2025-11-22T17:14:02.302454Z  INFO scan_sources: tailwindcss_oxide::scanner: Discovering "G:\\Projects\\Coding\\cryofert-mobile-app\\package.json"
2025-11-22T17:14:02.302649Z  INFO scan_sources: tailwindcss_oxide::scanner: Discovering "G:\\Projects\\Coding\\cryofert-mobile-app\\pnpm-workspace.yaml"
2025-11-22T17:14:02.302974Z  INFO scan_sources: tailwindcss_oxide::scanner: Discovering "G:\\Projects\\Coding\\cryofert-mobile-app\\public"
2025-11-22T17:14:02.303549Z  INFO scan_sources: tailwindcss_oxide::scanner: Discovering "G:\\Projects\\Coding\\cryofert-mobile-app\\public\\manifest.json"
2025-11-22T17:14:02.303925Z  INFO scan_sources: tailwindcss_oxide::scanner: Discovering "G:\\Projects\\Coding\\cryofert-mobile-app\\README.md"
2025-11-22T17:14:02.304382Z  INFO scan_sources: tailwindcss_oxide::scanner: Discovering "G:\\Projects\\Coding\\cryofert-mobile-app\\src"
2025-11-22T17:14:02.305007Z  INFO scan_sources: tailwindcss_oxide::scanner: Discovering "G:\\Projects\\Coding\\cryofert-mobile-app\\src\\animations"
2025-11-22T17:14:02.305517Z  INFO scan_sources: tailwindcss_oxide::scanner: Discovering "G:\\Projects\\Coding\\cryofert-mobile-app\\src\\animations\\slide-directional.ts"
2025-11-22T17:14:02.305726Z  INFO scan_sources: tailwindcss_oxide::scanner: Discovering "G:\\Projects\\Coding\\cryofert-mobile-app\\src\\App.tsx"
2025-11-22T17:14:02.306047Z  INFO scan_sources: tailwindcss_oxide::scanner: Discovering "G:\\Projects\\Coding\\cryofert-mobile-app\\src\\assets"
2025-11-22T17:14:02.306633Z  INFO scan_sources: tailwindcss_oxide::scanner: Discovering "G:\\Projects\\Coding\\cryofert-mobile-app\\src\\assets\\images"
2025-11-22T17:14:02.307306Z  INFO scan_sources: tailwindcss_oxide::scanner: Discovering "G:\\Projects\\Coding\\cryofert-mobile-app\\src\\assets\\images\\logos"
2025-11-22T17:14:02.307941Z  INFO scan_sources: tailwindcss_oxide::scanner: Discovering "G:\\Projects\\Coding\\cryofert-mobile-app\\src\\assets\\images\\lucide"
2025-11-22T17:14:02.308410Z  INFO scan_sources: tailwindcss_oxide::scanner: Discovering "G:\\Projects\\Coding\\cryofert-mobile-app\\src\\assets\\images\\lucide\\user-pen.svg"
2025-11-22T17:14:02.308815Z  INFO scan_sources: tailwindcss_oxide::scanner: Discovering "G:\\Projects\\Coding\\cryofert-mobile-app\\src\\components"
2025-11-22T17:14:02.309305Z  INFO scan_sources: tailwindcss_oxide::scanner: Discovering "G:\\Projects\\Coding\\cryofert-mobile-app\\src\\components\\AppLoading.tsx"
2025-11-22T17:14:02.309639Z  INFO scan_sources: tailwindcss_oxide::scanner: Discovering "G:\\Projects\\Coding\\cryofert-mobile-app\\src\\components\\backgrounds"
2025-11-22T17:14:02.310134Z  INFO scan_sources: tailwindcss_oxide::scanner: Discovering "G:\\Projects\\Coding\\cryofert-mobile-app\\src\\components\\backgrounds\\BlueToGrayGradientBg.tsx"
2025-11-22T17:14:02.310318Z  INFO scan_sources: tailwindcss_oxide::scanner: Discovering "G:\\Projects\\Coding\\cryofert-mobile-app\\src\\components\\backgrounds\\GreenToGrayGradientBg.tsx"
2025-11-22T17:14:02.310666Z  INFO scan_sources: tailwindcss_oxide::scanner: Discovering "G:\\Projects\\Coding\\cryofert-mobile-app\\src\\components\\dialogs"
2025-11-22T17:14:02.311138Z  INFO scan_sources: tailwindcss_oxide::scanner: Discovering "G:\\Projects\\Coding\\cryofert-mobile-app\\src\\components\\dialogs\\GenericDialog.tsx"
2025-11-22T17:14:02.311323Z  INFO scan_sources: tailwindcss_oxide::scanner: Discovering "G:\\Projects\\Coding\\cryofert-mobile-app\\src\\components\\dialogs\\OtpDialog.tsx"
2025-11-22T17:14:02.311507Z  INFO scan_sources: tailwindcss_oxide::scanner: Discovering "G:\\Projects\\Coding\\cryofert-mobile-app\\src\\components\\dialogs\\WebPreviewAlert.tsx"
2025-11-22T17:14:02.311921Z  INFO scan_sources: tailwindcss_oxide::scanner: Discovering "G:\\Projects\\Coding\\cryofert-mobile-app\\src\\components\\history-tab"
2025-11-22T17:14:02.312398Z  INFO scan_sources: tailwindcss_oxide::scanner: Discovering "G:\\Projects\\Coding\\cryofert-mobile-app\\src\\components\\history-tab\\AppointmentHistory.tsx"
2025-11-22T17:14:02.312586Z  INFO scan_sources: tailwindcss_oxide::scanner: Discovering "G:\\Projects\\Coding\\cryofert-mobile-app\\src\\components\\history-tab\\TreatmentHistory.tsx"
2025-11-22T17:14:02.312942Z  INFO scan_sources: tailwindcss_oxide::scanner: Discovering "G:\\Projects\\Coding\\cryofert-mobile-app\\src\\components\\landing-auth-tabs"
2025-11-22T17:14:02.313422Z  INFO scan_sources: tailwindcss_oxide::scanner: Discovering "G:\\Projects\\Coding\\cryofert-mobile-app\\src\\components\\landing-auth-tabs\\LoginForm.tsx"
2025-11-22T17:14:02.313611Z  INFO scan_sources: tailwindcss_oxide::scanner: Discovering "G:\\Projects\\Coding\\cryofert-mobile-app\\src\\components\\landing-auth-tabs\\RegisterForm.tsx"
2025-11-22T17:14:02.313963Z  INFO scan_sources: tailwindcss_oxide::scanner: Discovering "G:\\Projects\\Coding\\cryofert-mobile-app\\src\\components\\libs"
2025-11-22T17:14:02.314570Z  INFO scan_sources: tailwindcss_oxide::scanner: Discovering "G:\\Projects\\Coding\\cryofert-mobile-app\\src\\components\\libs\\shadcn"
2025-11-22T17:14:02.315071Z  INFO scan_sources: tailwindcss_oxide::scanner: Discovering "G:\\Projects\\Coding\\cryofert-mobile-app\\src\\components\\libs\\shadcn\\Button.tsx"
2025-11-22T17:14:02.315260Z  INFO scan_sources: tailwindcss_oxide::scanner: Discovering "G:\\Projects\\Coding\\cryofert-mobile-app\\src\\components\\libs\\shadcn\\Input.tsx"
2025-11-22T17:14:02.315441Z  INFO scan_sources: tailwindcss_oxide::scanner: Discovering "G:\\Projects\\Coding\\cryofert-mobile-app\\src\\components\\libs\\shadcn\\InputGroup.tsx"
2025-11-22T17:14:02.315618Z  INFO scan_sources: tailwindcss_oxide::scanner: Discovering "G:\\Projects\\Coding\\cryofert-mobile-app\\src\\components\\libs\\shadcn\\Textarea.tsx"
2025-11-22T17:14:02.315843Z  INFO scan_sources: tailwindcss_oxide::scanner: Discovering "G:\\Projects\\Coding\\cryofert-mobile-app\\src\\components\\SafeAreaView.tsx"
2025-11-22T17:14:02.316171Z  INFO scan_sources: tailwindcss_oxide::scanner: Discovering "G:\\Projects\\Coding\\cryofert-mobile-app\\src\\components\\treatment-booking"
2025-11-22T17:14:02.316645Z  INFO scan_sources: tailwindcss_oxide::scanner: Discovering "G:\\Projects\\Coding\\cryofert-mobile-app\\src\\components\\treatment-booking\\DateFirst.tsx"
2025-11-22T17:14:02.316828Z  INFO scan_sources: tailwindcss_oxide::scanner: Discovering "G:\\Projects\\Coding\\cryofert-mobile-app\\src\\components\\treatment-booking\\DoctorFirst.tsx"
2025-11-22T17:14:02.317561Z  INFO scan_sources: tailwindcss_oxide::scanner: Discovering "G:\\Projects\\Coding\\cryofert-mobile-app\\src\\hooks"
2025-11-22T17:14:02.319854Z  INFO scan_sources: tailwindcss_oxide::scanner: Discovering "G:\\Projects\\Coding\\cryofert-mobile-app\\src\\hooks\\appointment-hook.ts"
2025-11-22T17:14:02.320110Z  INFO scan_sources: tailwindcss_oxide::scanner: Discovering "G:\\Projects\\Coding\\cryofert-mobile-app\\src\\hooks\\auth-hook.ts"
2025-11-22T17:14:02.320368Z  INFO scan_sources: tailwindcss_oxide::scanner: Discovering "G:\\Projects\\Coding\\cryofert-mobile-app\\src\\hooks\\doctor-hook.ts"
2025-11-22T17:14:02.320572Z  INFO scan_sources: tailwindcss_oxide::scanner: Discovering "G:\\Projects\\Coding\\cryofert-mobile-app\\src\\hooks\\schedules-hook.ts"
2025-11-22T17:14:02.320891Z  INFO scan_sources: tailwindcss_oxide::scanner: Discovering "G:\\Projects\\Coding\\cryofert-mobile-app\\src\\hooks\\slot-hook.ts"
2025-11-22T17:14:02.321209Z  INFO scan_sources: tailwindcss_oxide::scanner: Discovering "G:\\Projects\\Coding\\cryofert-mobile-app\\src\\hooks\\transaction-hook.ts"
2025-11-22T17:14:02.321491Z  INFO scan_sources: tailwindcss_oxide::scanner: Discovering "G:\\Projects\\Coding\\cryofert-mobile-app\\src\\hooks\\treatment-hook.ts"
2025-11-22T17:14:02.321779Z  INFO scan_sources: tailwindcss_oxide::scanner: Discovering "G:\\Projects\\Coding\\cryofert-mobile-app\\src\\hooks\\vnpay-hook.ts"
2025-11-22T17:14:02.322564Z  INFO scan_sources: tailwindcss_oxide::scanner: Discovering "G:\\Projects\\Coding\\cryofert-mobile-app\\src\\index.css"
2025-11-22T17:14:02.323067Z  INFO scan_sources: tailwindcss_oxide::scanner: Discovering "G:\\Projects\\Coding\\cryofert-mobile-app\\src\\index.tsx"
2025-11-22T17:14:02.323551Z  INFO scan_sources: tailwindcss_oxide::scanner: Discovering "G:\\Projects\\Coding\\cryofert-mobile-app\\src\\pages"
2025-11-22T17:14:02.324275Z  INFO scan_sources: tailwindcss_oxide::scanner: Discovering "G:\\Projects\\Coding\\cryofert-mobile-app\\src\\pages\\Account.tsx"
2025-11-22T17:14:02.324569Z  INFO scan_sources: tailwindcss_oxide::scanner: Discovering "G:\\Projects\\Coding\\cryofert-mobile-app\\src\\pages\\AppHome.tsx"
2025-11-22T17:14:02.324784Z  INFO scan_sources: tailwindcss_oxide::scanner: Discovering "G:\\Projects\\Coding\\cryofert-mobile-app\\src\\pages\\Auth.tsx"
2025-11-22T17:14:02.325075Z  INFO scan_sources: tailwindcss_oxide::scanner: Discovering "G:\\Projects\\Coding\\cryofert-mobile-app\\src\\pages\\Dev.tsx"
2025-11-22T17:14:02.325561Z  INFO scan_sources: tailwindcss_oxide::scanner: Discovering "G:\\Projects\\Coding\\cryofert-mobile-app\\src\\pages\\History.tsx"
2025-11-22T17:14:02.325890Z  INFO scan_sources: tailwindcss_oxide::scanner: Discovering "G:\\Projects\\Coding\\cryofert-mobile-app\\src\\pages\\LandingHome.tsx"
2025-11-22T17:14:02.326199Z  INFO scan_sources: tailwindcss_oxide::scanner: Discovering "G:\\Projects\\Coding\\cryofert-mobile-app\\src\\pages\\PaymentPortal.tsx"
2025-11-22T17:14:02.326463Z  INFO scan_sources: tailwindcss_oxide::scanner: Discovering "G:\\Projects\\Coding\\cryofert-mobile-app\\src\\pages\\SplashScreen.tsx"
2025-11-22T17:14:02.326729Z  INFO scan_sources: tailwindcss_oxide::scanner: Discovering "G:\\Projects\\Coding\\cryofert-mobile-app\\src\\pages\\TransactionHistory.tsx"
2025-11-22T17:14:02.327013Z  INFO scan_sources: tailwindcss_oxide::scanner: Discovering "G:\\Projects\\Coding\\cryofert-mobile-app\\src\\pages\\TreatmentBooking.tsx"
2025-11-22T17:14:02.327313Z  INFO scan_sources: tailwindcss_oxide::scanner: Discovering "G:\\Projects\\Coding\\cryofert-mobile-app\\src\\pages\\TreatmentDetail.tsx"
2025-11-22T17:14:02.327610Z  INFO scan_sources: tailwindcss_oxide::scanner: Discovering "G:\\Projects\\Coding\\cryofert-mobile-app\\src\\pages\\UpdateAccount.tsx"
2025-11-22T17:14:02.328253Z  INFO scan_sources: tailwindcss_oxide::scanner: Discovering "G:\\Projects\\Coding\\cryofert-mobile-app\\src\\routes"
2025-11-22T17:14:02.328839Z  INFO scan_sources: tailwindcss_oxide::scanner: Discovering "G:\\Projects\\Coding\\cryofert-mobile-app\\src\\routes\\AppTabRoutes.tsx"
2025-11-22T17:14:02.329082Z  INFO scan_sources: tailwindcss_oxide::scanner: Discovering "G:\\Projects\\Coding\\cryofert-mobile-app\\src\\routes\\LandingTabRoutes.tsx"
2025-11-22T17:14:02.329346Z  INFO scan_sources: tailwindcss_oxide::scanner: Discovering "G:\\Projects\\Coding\\cryofert-mobile-app\\src\\routes\\RootRoutes.tsx"
2025-11-22T17:14:02.329591Z  INFO scan_sources: tailwindcss_oxide::scanner: Discovering "G:\\Projects\\Coding\\cryofert-mobile-app\\src\\routes\\routes.ts"
2025-11-22T17:14:02.330122Z  INFO scan_sources: tailwindcss_oxide::scanner: Discovering "G:\\Projects\\Coding\\cryofert-mobile-app\\src\\schemas"
2025-11-22T17:14:02.330654Z  INFO scan_sources: tailwindcss_oxide::scanner: Discovering "G:\\Projects\\Coding\\cryofert-mobile-app\\src\\schemas\\account.ts"
2025-11-22T17:14:02.330864Z  INFO scan_sources: tailwindcss_oxide::scanner: Discovering "G:\\Projects\\Coding\\cryofert-mobile-app\\src\\schemas\\api-response.ts"
2025-11-22T17:14:02.331074Z  INFO scan_sources: tailwindcss_oxide::scanner: Discovering "G:\\Projects\\Coding\\cryofert-mobile-app\\src\\schemas\\appointment.ts"
2025-11-22T17:14:02.331263Z  INFO scan_sources: tailwindcss_oxide::scanner: Discovering "G:\\Projects\\Coding\\cryofert-mobile-app\\src\\schemas\\auth.ts"
2025-11-22T17:14:02.331452Z  INFO scan_sources: tailwindcss_oxide::scanner: Discovering "G:\\Projects\\Coding\\cryofert-mobile-app\\src\\schemas\\doctor.ts"
2025-11-22T17:14:02.331639Z  INFO scan_sources: tailwindcss_oxide::scanner: Discovering "G:\\Projects\\Coding\\cryofert-mobile-app\\src\\schemas\\schedules.ts"
2025-11-22T17:14:02.331843Z  INFO scan_sources: tailwindcss_oxide::scanner: Discovering "G:\\Projects\\Coding\\cryofert-mobile-app\\src\\schemas\\slot.ts"
2025-11-22T17:14:02.332037Z  INFO scan_sources: tailwindcss_oxide::scanner: Discovering "G:\\Projects\\Coding\\cryofert-mobile-app\\src\\schemas\\transaction.tsx"
2025-11-22T17:14:02.332235Z  INFO scan_sources: tailwindcss_oxide::scanner: Discovering "G:\\Projects\\Coding\\cryofert-mobile-app\\src\\schemas\\treatment.ts"
2025-11-22T17:14:02.332589Z  INFO scan_sources: tailwindcss_oxide::scanner: Discovering "G:\\Projects\\Coding\\cryofert-mobile-app\\src\\services"
2025-11-22T17:14:02.333244Z  INFO scan_sources: tailwindcss_oxide::scanner: Discovering "G:\\Projects\\Coding\\cryofert-mobile-app\\src\\services\\api-services"
2025-11-22T17:14:02.333730Z  INFO scan_sources: tailwindcss_oxide::scanner: Discovering "G:\\Projects\\Coding\\cryofert-mobile-app\\src\\services\\api-services\\appointment-service.ts"
2025-11-22T17:14:02.333913Z  INFO scan_sources: tailwindcss_oxide::scanner: Discovering "G:\\Projects\\Coding\\cryofert-mobile-app\\src\\services\\api-services\\auth-service.ts"
2025-11-22T17:14:02.334113Z  INFO scan_sources: tailwindcss_oxide::scanner: Discovering "G:\\Projects\\Coding\\cryofert-mobile-app\\src\\services\\api-services\\doctor-service.ts"
2025-11-22T17:14:02.334313Z  INFO scan_sources: tailwindcss_oxide::scanner: Discovering "G:\\Projects\\Coding\\cryofert-mobile-app\\src\\services\\api-services\\http-service.ts"
2025-11-22T17:14:02.334504Z  INFO scan_sources: tailwindcss_oxide::scanner: Discovering "G:\\Projects\\Coding\\cryofert-mobile-app\\src\\services\\api-services\\schedules-service.ts"
2025-11-22T17:14:02.334687Z  INFO scan_sources: tailwindcss_oxide::scanner: Discovering "G:\\Projects\\Coding\\cryofert-mobile-app\\src\\services\\api-services\\slot-service.ts"
2025-11-22T17:14:02.334866Z  INFO scan_sources: tailwindcss_oxide::scanner: Discovering "G:\\Projects\\Coding\\cryofert-mobile-app\\src\\services\\api-services\\transaction-service.ts"
2025-11-22T17:14:02.335047Z  INFO scan_sources: tailwindcss_oxide::scanner: Discovering "G:\\Projects\\Coding\\cryofert-mobile-app\\src\\services\\api-services\\treatment-service.ts"
2025-11-22T17:14:02.335247Z  INFO scan_sources: tailwindcss_oxide::scanner: Discovering "G:\\Projects\\Coding\\cryofert-mobile-app\\src\\services\\token-service.ts"
2025-11-22T17:14:02.335594Z  INFO scan_sources: tailwindcss_oxide::scanner: Discovering "G:\\Projects\\Coding\\cryofert-mobile-app\\src\\stores"
2025-11-22T17:14:02.336078Z  INFO scan_sources: tailwindcss_oxide::scanner: Discovering "G:\\Projects\\Coding\\cryofert-mobile-app\\src\\stores\\app-loading.ts"
2025-11-22T17:14:02.336255Z  INFO scan_sources: tailwindcss_oxide::scanner: Discovering "G:\\Projects\\Coding\\cryofert-mobile-app\\src\\stores\\dialog.ts"
2025-11-22T17:14:02.336430Z  INFO scan_sources: tailwindcss_oxide::scanner: Discovering "G:\\Projects\\Coding\\cryofert-mobile-app\\src\\stores\\user.ts"
2025-11-22T17:14:02.336783Z  INFO scan_sources: tailwindcss_oxide::scanner: Discovering "G:\\Projects\\Coding\\cryofert-mobile-app\\src\\utils"
2025-11-22T17:14:02.337377Z  INFO scan_sources: tailwindcss_oxide::scanner: Discovering "G:\\Projects\\Coding\\cryofert-mobile-app\\src\\utils\\cn.ts"
2025-11-22T17:14:02.337629Z  INFO scan_sources: tailwindcss_oxide::scanner: Discovering "G:\\Projects\\Coding\\cryofert-mobile-app\\tsconfig.json"
2025-11-22T17:14:02.337839Z  INFO scan_sources: tailwindcss_oxide::scanner: Discovering "G:\\Projects\\Coding\\cryofert-mobile-app\\tsconfig.node.json"
2025-11-22T17:14:02.338023Z  INFO scan_sources: tailwindcss_oxide::scanner: Discovering "G:\\Projects\\Coding\\cryofert-mobile-app\\vite.config.ts"
2025-11-22T17:14:02.338183Z  INFO scan_sources: tailwindcss_oxide::scanner: exit
2025-11-22T17:14:02.338196Z  INFO extract_candidates: tailwindcss_oxide::scanner: enter
2025-11-22T17:14:02.338206Z  INFO extract_candidates:read_all_files: tailwindcss_oxide::scanner: enter
2025-11-22T17:14:02.338210Z  INFO extract_candidates:read_all_files: tailwindcss_oxide::scanner: Reading 113 file(s)
2025-11-22T17:14:02.338916Z  INFO tailwindcss_oxide::scanner: Reading "G:\\Projects\\Coding\\cryofert-mobile-app\\android\\app\\src\\main\\java\\sky\\ptphongkmf\\cryofert\\MainActivity.java"
2025-11-22T17:14:02.338916Z  INFO tailwindcss_oxide::scanner: Reading "G:\\Projects\\Coding\\cryofert-mobile-app\\src\\hooks\\vnpay-hook.ts"
2025-11-22T17:14:02.338923Z  INFO tailwindcss_oxide::scanner: Reading "G:\\Projects\\Coding\\cryofert-mobile-app\\src\\components\\libs\\shadcn\\Button.tsx"
2025-11-22T17:14:02.338958Z  INFO tailwindcss_oxide::scanner: Reading "G:\\Projects\\Coding\\cryofert-mobile-app\\src\\pages\\LandingHome.tsx"
2025-11-22T17:14:02.338916Z  INFO tailwindcss_oxide::scanner: Reading "G:\\Projects\\Coding\\cryofert-mobile-app\\src\\components\\dialogs\\GenericDialog.tsx"
2025-11-22T17:14:02.338986Z  INFO tailwindcss_oxide::scanner: Reading "G:\\Projects\\Coding\\cryofert-mobile-app\\how-to-remove-test-lib.md"
2025-11-22T17:14:02.338992Z  INFO tailwindcss_oxide::scanner: Reading "G:\\Projects\\Coding\\cryofert-mobile-app\\README.md"
2025-11-22T17:14:02.338971Z  INFO tailwindcss_oxide::scanner: Reading "G:\\Projects\\Coding\\cryofert-mobile-app\\.browserslistrc"
2025-11-22T17:14:02.339010Z  INFO tailwindcss_oxide::scanner: Reading "G:\\Projects\\Coding\\cryofert-mobile-app\\.oxlintrc.json"
2025-11-22T17:14:02.338917Z  INFO tailwindcss_oxide::scanner: Reading "G:\\Projects\\Coding\\cryofert-mobile-app\\src\\routes\\AppTabRoutes.tsx"
2025-11-22T17:14:02.339122Z  INFO tailwindcss_oxide::scanner: Reading "G:\\Projects\\Coding\\cryofert-mobile-app\\android\\app\\src\\main\\res\\drawable\\ic_launcher_background.xml"
2025-11-22T17:14:02.339126Z  INFO tailwindcss_oxide::scanner: Reading "G:\\Projects\\Coding\\cryofert-mobile-app\\src\\index.tsx"
2025-11-22T17:14:02.339131Z  INFO tailwindcss_oxide::scanner: Reading "G:\\Projects\\Coding\\cryofert-mobile-app\\src\\components\\libs\\shadcn\\Input.tsx"
2025-11-22T17:14:02.339191Z  INFO tailwindcss_oxide::scanner: Reading "G:\\Projects\\Coding\\cryofert-mobile-app\\src\\pages\\PaymentPortal.tsx"
2025-11-22T17:14:02.339200Z  INFO tailwindcss_oxide::scanner: Reading "G:\\Projects\\Coding\\cryofert-mobile-app\\src\\components\\dialogs\\OtpDialog.tsx"
2025-11-22T17:14:02.339244Z  INFO tailwindcss_oxide::scanner: Reading "G:\\Projects\\Coding\\cryofert-mobile-app\\src\\animations\\slide-directional.ts"
2025-11-22T17:14:02.339052Z  INFO tailwindcss_oxide::scanner: Reading "G:\\Projects\\Coding\\cryofert-mobile-app\\src\\services\\api-services\\auth-service.ts"
2025-11-22T17:14:02.339267Z  INFO tailwindcss_oxide::scanner: Reading "G:\\Projects\\Coding\\cryofert-mobile-app\\.env.webpreview"
2025-11-22T17:14:02.339299Z  INFO tailwindcss_oxide::scanner: Reading "G:\\Projects\\Coding\\cryofert-mobile-app\\.vscode\\settings.json"
2025-11-22T17:14:02.339325Z  INFO tailwindcss_oxide::scanner: Reading "G:\\Projects\\Coding\\cryofert-mobile-app\\src\\components\\libs\\shadcn\\InputGroup.tsx"
2025-11-22T17:14:02.339330Z  INFO tailwindcss_oxide::scanner: Reading "G:\\Projects\\Coding\\cryofert-mobile-app\\src\\routes\\LandingTabRoutes.tsx"
2025-11-22T17:14:02.339329Z  INFO tailwindcss_oxide::scanner: Reading "G:\\Projects\\Coding\\cryofert-mobile-app\\android\\gradle.properties"
2025-11-22T17:14:02.339389Z  INFO tailwindcss_oxide::scanner: Reading "G:\\Projects\\Coding\\cryofert-mobile-app\\src\\components\\dialogs\\WebPreviewAlert.tsx"
2025-11-22T17:14:02.339426Z  INFO tailwindcss_oxide::scanner: Reading "G:\\Projects\\Coding\\cryofert-mobile-app\\src\\App.tsx"
2025-11-22T17:14:02.339443Z  INFO tailwindcss_oxide::scanner: Reading "G:\\Projects\\Coding\\cryofert-mobile-app\\src\\services\\api-services\\doctor-service.ts"
2025-11-22T17:14:02.339449Z  INFO tailwindcss_oxide::scanner: Reading "G:\\Projects\\Coding\\cryofert-mobile-app\\src\\pages\\SplashScreen.tsx"
2025-11-22T17:14:02.339307Z  INFO tailwindcss_oxide::scanner: Reading "G:\\Projects\\Coding\\cryofert-mobile-app\\android\\app\\src\\main\\res\\drawable-v24\\ic_launcher_foreground.xml"
2025-11-22T17:14:02.339511Z  INFO tailwindcss_oxide::scanner: Reading "G:\\Projects\\Coding\\cryofert-mobile-app\\src\\components\\libs\\shadcn\\Textarea.tsx"
2025-11-22T17:14:02.339523Z  INFO tailwindcss_oxide::scanner: Reading "G:\\Projects\\Coding\\cryofert-mobile-app\\android\\app\\build.gradle"
2025-11-22T17:14:02.339535Z  INFO tailwindcss_oxide::scanner: Reading "G:\\Projects\\Coding\\cryofert-mobile-app\\src\\routes\\RootRoutes.tsx"
2025-11-22T17:14:02.339541Z  INFO tailwindcss_oxide::scanner: Reading "G:\\Projects\\Coding\\cryofert-mobile-app\\android\\gradlew"
2025-11-22T17:14:02.339456Z  INFO tailwindcss_oxide::scanner: Reading "G:\\Projects\\Coding\\cryofert-mobile-app\\.github\\configs\\.release-please-manifest.json"
2025-11-22T17:14:02.339573Z  INFO tailwindcss_oxide::scanner: Reading "G:\\Projects\\Coding\\cryofert-mobile-app\\src\\components\\history-tab\\AppointmentHistory.tsx"
2025-11-22T17:14:02.339612Z  INFO tailwindcss_oxide::scanner: Reading "G:\\Projects\\Coding\\cryofert-mobile-app\\src\\assets\\images\\lucide\\user-pen.svg"
2025-11-22T17:14:02.339637Z  INFO tailwindcss_oxide::scanner: Reading "G:\\Projects\\Coding\\cryofert-mobile-app\\src\\services\\api-services\\http-service.ts"
2025-11-22T17:14:02.339652Z  INFO tailwindcss_oxide::scanner: Reading "G:\\Projects\\Coding\\cryofert-mobile-app\\src\\pages\\TransactionHistory.tsx"
2025-11-22T17:14:02.339662Z  INFO tailwindcss_oxide::scanner: Reading "G:\\Projects\\Coding\\cryofert-mobile-app\\android\\app\\src\\main\\res\\layout\\activity_main.xml"
2025-11-22T17:14:02.339300Z  INFO tailwindcss_oxide::scanner: Reading "G:\\Projects\\Coding\\cryofert-mobile-app\\index.html"
2025-11-22T17:14:02.339695Z  INFO tailwindcss_oxide::scanner: Reading "G:\\Projects\\Coding\\cryofert-mobile-app\\src\\components\\SafeAreaView.tsx"
2025-11-22T17:14:02.339715Z  INFO tailwindcss_oxide::scanner: Reading "G:\\Projects\\Coding\\cryofert-mobile-app\\android\\app\\capacitor.build.gradle"
2025-11-22T17:14:02.339735Z  INFO tailwindcss_oxide::scanner: Reading "G:\\Projects\\Coding\\cryofert-mobile-app\\.github\\configs\\release-please-config.json"
2025-11-22T17:14:02.339768Z  INFO tailwindcss_oxide::scanner: Reading "G:\\Projects\\Coding\\cryofert-mobile-app\\src\\components\\history-tab\\TreatmentHistory.tsx"
2025-11-22T17:14:02.339799Z  INFO tailwindcss_oxide::scanner: Reading "G:\\Projects\\Coding\\cryofert-mobile-app\\src\\components\\AppLoading.tsx"
2025-11-22T17:14:02.339831Z  INFO tailwindcss_oxide::scanner: Reading "G:\\Projects\\Coding\\cryofert-mobile-app\\src\\services\\api-services\\schedules-service.ts"
2025-11-22T17:14:02.339844Z  INFO tailwindcss_oxide::scanner: Reading "G:\\Projects\\Coding\\cryofert-mobile-app\\android\\app\\src\\main\\res\\mipmap-anydpi-v26\\ic_launcher.xml"
2025-11-22T17:14:02.339845Z  INFO tailwindcss_oxide::scanner: Reading "G:\\Projects\\Coding\\cryofert-mobile-app\\src\\pages\\TreatmentBooking.tsx"
2025-11-22T17:14:02.339867Z  INFO tailwindcss_oxide::scanner: Reading "G:\\Projects\\Coding\\cryofert-mobile-app\\ionic.config.json"
2025-11-22T17:14:02.339876Z  INFO tailwindcss_oxide::scanner: Reading "G:\\Projects\\Coding\\cryofert-mobile-app\\src\\components\\treatment-booking\\DateFirst.tsx"
2025-11-22T17:14:02.339899Z  INFO tailwindcss_oxide::scanner: Reading "G:\\Projects\\Coding\\cryofert-mobile-app\\android\\app\\proguard-rules.pro"
2025-11-22T17:14:02.339913Z  INFO tailwindcss_oxide::scanner: Reading "G:\\Projects\\Coding\\cryofert-mobile-app\\.github\\workflows\\build-android.yml"
2025-11-22T17:14:02.339956Z  INFO tailwindcss_oxide::scanner: Reading "G:\\Projects\\Coding\\cryofert-mobile-app\\src\\components\\landing-auth-tabs\\LoginForm.tsx"
2025-11-22T17:14:02.339979Z  INFO tailwindcss_oxide::scanner: Reading "G:\\Projects\\Coding\\cryofert-mobile-app\\src\\components\\backgrounds\\BlueToGrayGradientBg.tsx"
2025-11-22T17:14:02.340017Z  INFO tailwindcss_oxide::scanner: Reading "G:\\Projects\\Coding\\cryofert-mobile-app\\src\\services\\api-services\\slot-service.ts"
2025-11-22T17:14:02.340025Z  INFO tailwindcss_oxide::scanner: Reading "G:\\Projects\\Coding\\cryofert-mobile-app\\android\\app\\src\\main\\res\\mipmap-anydpi-v26\\ic_launcher_round.xml"
2025-11-22T17:14:02.340098Z  INFO tailwindcss_oxide::scanner: Reading "G:\\Projects\\Coding\\cryofert-mobile-app\\src\\pages\\TreatmentDetail.tsx"
2025-11-22T17:14:02.340098Z  INFO tailwindcss_oxide::scanner: Reading "G:\\Projects\\Coding\\cryofert-mobile-app\\src\\components\\treatment-booking\\DoctorFirst.tsx"
2025-11-22T17:14:02.340108Z  INFO tailwindcss_oxide::scanner: Reading "G:\\Projects\\Coding\\cryofert-mobile-app\\android\\app\\src\\androidTest\\java\\com\\getcapacitor\\myapp\\ExampleInstrumentedTest.java"
2025-11-22T17:14:02.339541Z  INFO tailwindcss_oxide::scanner: Reading "G:\\Projects\\Coding\\cryofert-mobile-app\\src\\pages\\Account.tsx"
2025-11-22T17:14:02.340159Z  INFO tailwindcss_oxide::scanner: Reading "G:\\Projects\\Coding\\cryofert-mobile-app\\src\\components\\landing-auth-tabs\\RegisterForm.tsx"
2025-11-22T17:14:02.340111Z  INFO tailwindcss_oxide::scanner: Reading "G:\\Projects\\Coding\\cryofert-mobile-app\\.github\\workflows\\generate-gh-app-token\\action.yml"
2025-11-22T17:14:02.340176Z  INFO tailwindcss_oxide::scanner: Reading "G:\\Projects\\Coding\\cryofert-mobile-app\\src\\components\\backgrounds\\GreenToGrayGradientBg.tsx"
2025-11-22T17:14:02.340113Z  INFO tailwindcss_oxide::scanner: Reading "G:\\Projects\\Coding\\cryofert-mobile-app\\LICENSE"
2025-11-22T17:14:02.340224Z  INFO tailwindcss_oxide::scanner: Reading "G:\\Projects\\Coding\\cryofert-mobile-app\\android\\app\\src\\main\\res\\values\\ic_launcher_background.xml"
2025-11-22T17:14:02.340224Z  INFO tailwindcss_oxide::scanner: Reading "G:\\Projects\\Coding\\cryofert-mobile-app\\src\\services\\api-services\\transaction-service.ts"
2025-11-22T17:14:02.340316Z  INFO tailwindcss_oxide::scanner: Reading "G:\\Projects\\Coding\\cryofert-mobile-app\\src\\hooks\\appointment-hook.ts"
2025-11-22T17:14:02.340345Z  INFO tailwindcss_oxide::scanner: Reading "G:\\Projects\\Coding\\cryofert-mobile-app\\src\\pages\\UpdateAccount.tsx"
2025-11-22T17:14:02.340361Z  INFO tailwindcss_oxide::scanner: Reading "G:\\Projects\\Coding\\cryofert-mobile-app\\pnpm-workspace.yaml"
2025-11-22T17:14:02.340362Z  INFO tailwindcss_oxide::scanner: Reading "G:\\Projects\\Coding\\cryofert-mobile-app\\.github\\workflows\\release-please.yml"
2025-11-22T17:14:02.340372Z  INFO tailwindcss_oxide::scanner: Reading "G:\\Projects\\Coding\\cryofert-mobile-app\\public\\manifest.json"
2025-11-22T17:14:02.340380Z  INFO tailwindcss_oxide::scanner: Reading "G:\\Projects\\Coding\\cryofert-mobile-app\\src\\pages\\AppHome.tsx"
2025-11-22T17:14:02.340391Z  INFO tailwindcss_oxide::scanner: Reading "G:\\Projects\\Coding\\cryofert-mobile-app\\android\\app\\src\\main\\AndroidManifest.xml"
2025-11-22T17:14:02.340230Z  INFO tailwindcss_oxide::scanner: Reading "G:\\Projects\\Coding\\cryofert-mobile-app\\src\\routes\\routes.ts"
2025-11-22T17:14:02.340422Z  INFO tailwindcss_oxide::scanner: Reading "G:\\Projects\\Coding\\cryofert-mobile-app\\android\\app\\src\\main\\res\\values\\strings.xml"
2025-11-22T17:14:02.340437Z  INFO tailwindcss_oxide::scanner: Reading "G:\\Projects\\Coding\\cryofert-mobile-app\\src\\services\\api-services\\treatment-service.ts"
2025-11-22T17:14:02.340439Z  INFO tailwindcss_oxide::scanner: Reading "G:\\Projects\\Coding\\cryofert-mobile-app\\package.json"
2025-11-22T17:14:02.340510Z  INFO tailwindcss_oxide::scanner: Reading "G:\\Projects\\Coding\\cryofert-mobile-app\\src\\hooks\\auth-hook.ts"
2025-11-22T17:14:02.340612Z  INFO tailwindcss_oxide::scanner: Reading "G:\\Projects\\Coding\\cryofert-mobile-app\\src\\pages\\Auth.tsx"
2025-11-22T17:14:02.340630Z  INFO tailwindcss_oxide::scanner: Reading "G:\\Projects\\Coding\\cryofert-mobile-app\\src\\pages\\Dev.tsx"
2025-11-22T17:14:02.340639Z  INFO tailwindcss_oxide::scanner: Reading "G:\\Projects\\Coding\\cryofert-mobile-app\\src\\services\\token-service.ts"
2025-11-22T17:14:02.340646Z  INFO tailwindcss_oxide::scanner: Reading "G:\\Projects\\Coding\\cryofert-mobile-app\\src\\schemas\\auth.ts"
2025-11-22T17:14:02.340675Z  INFO tailwindcss_oxide::scanner: Reading "G:\\Projects\\Coding\\cryofert-mobile-app\\src\\pages\\History.tsx"
2025-11-22T17:14:02.340673Z  INFO tailwindcss_oxide::scanner: Reading "G:\\Projects\\Coding\\cryofert-mobile-app\\src\\schemas\\doctor.ts"
2025-11-22T17:14:02.340702Z  INFO tailwindcss_oxide::scanner: Reading "G:\\Projects\\Coding\\cryofert-mobile-app\\src\\schemas\\slot.ts"
2025-11-22T17:14:02.340705Z  INFO tailwindcss_oxide::scanner: Reading "G:\\Projects\\Coding\\cryofert-mobile-app\\src\\hooks\\doctor-hook.ts"
2025-11-22T17:14:02.340708Z  INFO tailwindcss_oxide::scanner: Reading "G:\\Projects\\Coding\\cryofert-mobile-app\\android\\gradlew.bat"
2025-11-22T17:14:02.340715Z  INFO tailwindcss_oxide::scanner: Reading "G:\\Projects\\Coding\\cryofert-mobile-app\\src\\schemas\\schedules.ts"
2025-11-22T17:14:02.340810Z  INFO tailwindcss_oxide::scanner: Reading "G:\\Projects\\Coding\\cryofert-mobile-app\\src\\hooks\\schedules-hook.ts"
2025-11-22T17:14:02.340817Z  INFO tailwindcss_oxide::scanner: Reading "G:\\Projects\\Coding\\cryofert-mobile-app\\src\\schemas\\treatment.ts"
2025-11-22T17:14:02.340835Z  INFO tailwindcss_oxide::scanner: Reading "G:\\Projects\\Coding\\cryofert-mobile-app\\src\\stores\\app-loading.ts"
2025-11-22T17:14:02.340867Z  INFO tailwindcss_oxide::scanner: Reading "G:\\Projects\\Coding\\cryofert-mobile-app\\src\\utils\\cn.ts"
2025-11-22T17:14:02.340882Z  INFO tailwindcss_oxide::scanner: Reading "G:\\Projects\\Coding\\cryofert-mobile-app\\tsconfig.node.json"
2025-11-22T17:14:02.340920Z  INFO tailwindcss_oxide::scanner: Reading "G:\\Projects\\Coding\\cryofert-mobile-app\\src\\schemas\\transaction.tsx"
2025-11-22T17:14:02.340921Z  INFO tailwindcss_oxide::scanner: Reading "G:\\Projects\\Coding\\cryofert-mobile-app\\src\\schemas\\api-response.ts"
2025-11-22T17:14:02.340926Z  INFO tailwindcss_oxide::scanner: Reading "G:\\Projects\\Coding\\cryofert-mobile-app\\src\\schemas\\appointment.ts"
2025-11-22T17:14:02.340957Z  INFO tailwindcss_oxide::scanner: Reading "G:\\Projects\\Coding\\cryofert-mobile-app\\android\\settings.gradle"
2025-11-22T17:14:02.341022Z  INFO tailwindcss_oxide::scanner: Reading "G:\\Projects\\Coding\\cryofert-mobile-app\\src\\services\\api-services\\appointment-service.ts"
2025-11-22T17:14:02.341032Z  INFO tailwindcss_oxide::scanner: Reading "G:\\Projects\\Coding\\cryofert-mobile-app\\src\\hooks\\slot-hook.ts"
2025-11-22T17:14:02.341033Z  INFO tailwindcss_oxide::scanner: Reading "G:\\Projects\\Coding\\cryofert-mobile-app\\src\\stores\\dialog.ts"
2025-11-22T17:14:02.341040Z  INFO tailwindcss_oxide::scanner: Reading "G:\\Projects\\Coding\\cryofert-mobile-app\\src\\schemas\\account.ts"
2025-11-22T17:14:02.341073Z  INFO tailwindcss_oxide::scanner: Reading "G:\\Projects\\Coding\\cryofert-mobile-app\\tsconfig.json"
2025-11-22T17:14:02.341123Z  INFO tailwindcss_oxide::scanner: Reading "G:\\Projects\\Coding\\cryofert-mobile-app\\src\\stores\\user.ts"
2025-11-22T17:14:02.341128Z  INFO tailwindcss_oxide::scanner: Reading "G:\\Projects\\Coding\\cryofert-mobile-app\\android\\app\\src\\main\\res\\values\\styles.xml"
2025-11-22T17:14:02.341123Z  INFO tailwindcss_oxide::scanner: Reading "G:\\Projects\\Coding\\cryofert-mobile-app\\android\\variables.gradle"
2025-11-22T17:14:02.341152Z  INFO tailwindcss_oxide::scanner: Reading "G:\\Projects\\Coding\\cryofert-mobile-app\\vite.config.ts"
2025-11-22T17:14:02.341201Z  INFO tailwindcss_oxide::scanner: Reading "G:\\Projects\\Coding\\cryofert-mobile-app\\capacitor.config.ts"
2025-11-22T17:14:02.341202Z  INFO tailwindcss_oxide::scanner: Reading "G:\\Projects\\Coding\\cryofert-mobile-app\\android\\app\\src\\test\\java\\com\\getcapacitor\\myapp\\ExampleUnitTest.java"
2025-11-22T17:14:02.341213Z  INFO tailwindcss_oxide::scanner: Reading "G:\\Projects\\Coding\\cryofert-mobile-app\\android\\gradle\\wrapper\\gradle-wrapper.properties"
2025-11-22T17:14:02.341223Z  INFO tailwindcss_oxide::scanner: Reading "G:\\Projects\\Coding\\cryofert-mobile-app\\src\\hooks\\transaction-hook.ts"
2025-11-22T17:14:02.341240Z  INFO tailwindcss_oxide::scanner: Reading "G:\\Projects\\Coding\\cryofert-mobile-app\\android\\app\\src\\main\\res\\xml\\file_paths.xml"
2025-11-22T17:14:02.341261Z  INFO tailwindcss_oxide::scanner: Reading "G:\\Projects\\Coding\\cryofert-mobile-app\\src\\hooks\\treatment-hook.ts"
2025-11-22T17:14:02.341256Z  INFO tailwindcss_oxide::scanner: Reading "G:\\Projects\\Coding\\cryofert-mobile-app\\android\\capacitor.settings.gradle"
2025-11-22T17:14:02.341288Z  INFO tailwindcss_oxide::scanner: Reading "G:\\Projects\\Coding\\cryofert-mobile-app\\android\\build.gradle"
2025-11-22T17:14:02.341306Z  INFO tailwindcss_oxide::scanner: Reading "G:\\Projects\\Coding\\cryofert-mobile-app\\CHANGELOG.md"
2025-11-22T17:14:02.341351Z  INFO extract_candidates:read_all_files: tailwindcss_oxide::scanner: exit
2025-11-22T17:14:02.341368Z  INFO extract_candidates:parse_all_blobs: tailwindcss_oxide::scanner: enter
2025-11-22T17:14:02.341380Z  INFO extract_candidates:parse_all_blobs:extract: tailwindcss_oxide::scanner: enter
2025-11-22T17:14:02.343598Z  INFO extract_candidates:parse_all_blobs:extract: tailwindcss_oxide::scanner: exit
2025-11-22T17:14:02.343636Z  INFO extract_candidates:parse_all_blobs: tailwindcss_oxide::scanner: exit
2025-11-22T17:14:02.343648Z  INFO extract_candidates:read_all_files: tailwindcss_oxide::scanner: enter
2025-11-22T17:14:02.343653Z  INFO extract_candidates:read_all_files: tailwindcss_oxide::scanner: Reading 1 file(s)
2025-11-22T17:14:02.343813Z  INFO extract_candidates:read_all_files: tailwindcss_oxide::scanner: Reading "G:\\Projects\\Coding\\cryofert-mobile-app\\src\\index.css"
2025-11-22T17:14:02.343825Z  INFO extract_candidates:read_all_files: tailwindcss_oxide::scanner: exit
2025-11-22T17:14:02.343832Z  INFO extract_candidates:extract_css_variables: tailwindcss_oxide::scanner: enter
2025-11-22T17:14:02.343836Z  INFO extract_candidates:extract_css_variables:extract: tailwindcss_oxide::scanner: enter
2025-11-22T17:14:02.343913Z  INFO extract_candidates:extract_css_variables:extract: tailwindcss_oxide::scanner: exit
2025-11-22T17:14:02.343930Z  INFO extract_candidates:extract_css_variables: tailwindcss_oxide::scanner: exit
2025-11-22T17:14:02.345114Z  INFO extract_candidates: tailwindcss_oxide::scanner: exit
2025-11-22T17:14:02.346698Z  INFO get_files: tailwindcss_oxide::scanner: enter
2025-11-22T17:14:02.346713Z  INFO get_files:scan_sources: tailwindcss_oxide::scanner: enter
2025-11-22T17:14:02.349940Z  INFO get_files:scan_sources: tailwindcss_oxide::scanner: Discovering "G:\\Projects\\Coding\\cryofert-mobile-app\\.github"
2025-11-22T17:14:02.350540Z  INFO get_files:scan_sources: tailwindcss_oxide::scanner: Discovering "G:\\Projects\\Coding\\cryofert-mobile-app\\.github\\configs"
2025-11-22T17:14:02.351372Z  INFO get_files:scan_sources: tailwindcss_oxide::scanner: Discovering "G:\\Projects\\Coding\\cryofert-mobile-app\\.github\\workflows"
2025-11-22T17:14:02.352099Z  INFO get_files:scan_sources: tailwindcss_oxide::scanner: Discovering "G:\\Projects\\Coding\\cryofert-mobile-app\\.github\\workflows\\generate-gh-app-token"
2025-11-22T17:14:02.353064Z  INFO get_files:scan_sources: tailwindcss_oxide::scanner: Discovering "G:\\Projects\\Coding\\cryofert-mobile-app\\.vscode"
2025-11-22T17:14:02.353787Z  INFO get_files:scan_sources: tailwindcss_oxide::scanner: Discovering "G:\\Projects\\Coding\\cryofert-mobile-app\\android"
2025-11-22T17:14:02.355164Z  INFO get_files:scan_sources: tailwindcss_oxide::scanner: Discovering "G:\\Projects\\Coding\\cryofert-mobile-app\\android\\app"
2025-11-22T17:14:02.356844Z  INFO get_files:scan_sources: tailwindcss_oxide::scanner: Discovering "G:\\Projects\\Coding\\cryofert-mobile-app\\android\\app\\src"
2025-11-22T17:14:02.357502Z  INFO get_files:scan_sources: tailwindcss_oxide::scanner: Discovering "G:\\Projects\\Coding\\cryofert-mobile-app\\android\\app\\src\\androidTest"
2025-11-22T17:14:02.358147Z  INFO get_files:scan_sources: tailwindcss_oxide::scanner: Discovering "G:\\Projects\\Coding\\cryofert-mobile-app\\android\\app\\src\\androidTest\\java"
2025-11-22T17:14:02.358772Z  INFO get_files:scan_sources: tailwindcss_oxide::scanner: Discovering "G:\\Projects\\Coding\\cryofert-mobile-app\\android\\app\\src\\androidTest\\java\\com"
2025-11-22T17:14:02.359412Z  INFO get_files:scan_sources: tailwindcss_oxide::scanner: Discovering "G:\\Projects\\Coding\\cryofert-mobile-app\\android\\app\\src\\androidTest\\java\\com\\getcapacitor"
2025-11-22T17:14:02.360026Z  INFO get_files:scan_sources: tailwindcss_oxide::scanner: Discovering "G:\\Projects\\Coding\\cryofert-mobile-app\\android\\app\\src\\androidTest\\java\\com\\getcapacitor\\myapp"
2025-11-22T17:14:02.360862Z  INFO get_files:scan_sources: tailwindcss_oxide::scanner: Discovering "G:\\Projects\\Coding\\cryofert-mobile-app\\android\\app\\src\\main"
2025-11-22T17:14:02.361644Z  INFO get_files:scan_sources: tailwindcss_oxide::scanner: Discovering "G:\\Projects\\Coding\\cryofert-mobile-app\\android\\app\\src\\main\\assets"
2025-11-22T17:14:02.362875Z  INFO get_files:scan_sources: tailwindcss_oxide::scanner: Discovering "G:\\Projects\\Coding\\cryofert-mobile-app\\android\\app\\src\\main\\java"
2025-11-22T17:14:02.363619Z  INFO get_files:scan_sources: tailwindcss_oxide::scanner: Discovering "G:\\Projects\\Coding\\cryofert-mobile-app\\android\\app\\src\\main\\java\\sky"
2025-11-22T17:14:02.364470Z  INFO get_files:scan_sources: tailwindcss_oxide::scanner: Discovering "G:\\Projects\\Coding\\cryofert-mobile-app\\android\\app\\src\\main\\java\\sky\\ptphongkmf"
2025-11-22T17:14:02.365088Z  INFO get_files:scan_sources: tailwindcss_oxide::scanner: Discovering "G:\\Projects\\Coding\\cryofert-mobile-app\\android\\app\\src\\main\\java\\sky\\ptphongkmf\\cryofert"
2025-11-22T17:14:02.365976Z  INFO get_files:scan_sources: tailwindcss_oxide::scanner: Discovering "G:\\Projects\\Coding\\cryofert-mobile-app\\android\\app\\src\\main\\res"
2025-11-22T17:14:02.366633Z  INFO get_files:scan_sources: tailwindcss_oxide::scanner: Discovering "G:\\Projects\\Coding\\cryofert-mobile-app\\android\\app\\src\\main\\res\\drawable"
2025-11-22T17:14:02.367429Z  INFO get_files:scan_sources: tailwindcss_oxide::scanner: Discovering "G:\\Projects\\Coding\\cryofert-mobile-app\\android\\app\\src\\main\\res\\drawable-land-hdpi"
2025-11-22T17:14:02.368118Z  INFO get_files:scan_sources: tailwindcss_oxide::scanner: Discovering "G:\\Projects\\Coding\\cryofert-mobile-app\\android\\app\\src\\main\\res\\drawable-land-mdpi"
2025-11-22T17:14:02.368893Z  INFO get_files:scan_sources: tailwindcss_oxide::scanner: Discovering "G:\\Projects\\Coding\\cryofert-mobile-app\\android\\app\\src\\main\\res\\drawable-land-xhdpi"
2025-11-22T17:14:02.369967Z  INFO get_files:scan_sources: tailwindcss_oxide::scanner: Discovering "G:\\Projects\\Coding\\cryofert-mobile-app\\android\\app\\src\\main\\res\\drawable-land-xxhdpi"
2025-11-22T17:14:02.371106Z  INFO get_files:scan_sources: tailwindcss_oxide::scanner: Discovering "G:\\Projects\\Coding\\cryofert-mobile-app\\android\\app\\src\\main\\res\\drawable-land-xxxhdpi"
2025-11-22T17:14:02.372261Z  INFO get_files:scan_sources: tailwindcss_oxide::scanner: Discovering "G:\\Projects\\Coding\\cryofert-mobile-app\\android\\app\\src\\main\\res\\drawable-port-hdpi"
2025-11-22T17:14:02.373219Z  INFO get_files:scan_sources: tailwindcss_oxide::scanner: Discovering "G:\\Projects\\Coding\\cryofert-mobile-app\\android\\app\\src\\main\\res\\drawable-port-mdpi"
2025-11-22T17:14:02.373941Z  INFO get_files:scan_sources: tailwindcss_oxide::scanner: Discovering "G:\\Projects\\Coding\\cryofert-mobile-app\\android\\app\\src\\main\\res\\drawable-port-xhdpi"
2025-11-22T17:14:02.374669Z  INFO get_files:scan_sources: tailwindcss_oxide::scanner: Discovering "G:\\Projects\\Coding\\cryofert-mobile-app\\android\\app\\src\\main\\res\\drawable-port-xxhdpi"
2025-11-22T17:14:02.375389Z  INFO get_files:scan_sources: tailwindcss_oxide::scanner: Discovering "G:\\Projects\\Coding\\cryofert-mobile-app\\android\\app\\src\\main\\res\\drawable-port-xxxhdpi"
2025-11-22T17:14:02.376111Z  INFO get_files:scan_sources: tailwindcss_oxide::scanner: Discovering "G:\\Projects\\Coding\\cryofert-mobile-app\\android\\app\\src\\main\\res\\drawable-v24"
2025-11-22T17:14:02.377208Z  INFO get_files:scan_sources: tailwindcss_oxide::scanner: Discovering "G:\\Projects\\Coding\\cryofert-mobile-app\\android\\app\\src\\main\\res\\layout"
2025-11-22T17:14:02.378037Z  INFO get_files:scan_sources: tailwindcss_oxide::scanner: Discovering "G:\\Projects\\Coding\\cryofert-mobile-app\\android\\app\\src\\main\\res\\mipmap-anydpi-v26"
2025-11-22T17:14:02.378925Z  INFO get_files:scan_sources: tailwindcss_oxide::scanner: Discovering "G:\\Projects\\Coding\\cryofert-mobile-app\\android\\app\\src\\main\\res\\mipmap-hdpi"
2025-11-22T17:14:02.379662Z  INFO get_files:scan_sources: tailwindcss_oxide::scanner: Discovering "G:\\Projects\\Coding\\cryofert-mobile-app\\android\\app\\src\\main\\res\\mipmap-mdpi"
2025-11-22T17:14:02.380563Z  INFO get_files:scan_sources: tailwindcss_oxide::scanner: Discovering "G:\\Projects\\Coding\\cryofert-mobile-app\\android\\app\\src\\main\\res\\mipmap-xhdpi"
2025-11-22T17:14:02.381343Z  INFO get_files:scan_sources: tailwindcss_oxide::scanner: Discovering "G:\\Projects\\Coding\\cryofert-mobile-app\\android\\app\\src\\main\\res\\mipmap-xxhdpi"
2025-11-22T17:14:02.382140Z  INFO get_files:scan_sources: tailwindcss_oxide::scanner: Discovering "G:\\Projects\\Coding\\cryofert-mobile-app\\android\\app\\src\\main\\res\\mipmap-xxxhdpi"
2025-11-22T17:14:02.382826Z  INFO get_files:scan_sources: tailwindcss_oxide::scanner: Discovering "G:\\Projects\\Coding\\cryofert-mobile-app\\android\\app\\src\\main\\res\\values"
2025-11-22T17:14:02.383760Z  INFO get_files:scan_sources: tailwindcss_oxide::scanner: Discovering "G:\\Projects\\Coding\\cryofert-mobile-app\\android\\app\\src\\main\\res\\xml"
2025-11-22T17:14:02.384565Z  INFO get_files:scan_sources: tailwindcss_oxide::scanner: Discovering "G:\\Projects\\Coding\\cryofert-mobile-app\\android\\app\\src\\test"
2025-11-22T17:14:02.385179Z  INFO get_files:scan_sources: tailwindcss_oxide::scanner: Discovering "G:\\Projects\\Coding\\cryofert-mobile-app\\android\\app\\src\\test\\java"
2025-11-22T17:14:02.385792Z  INFO get_files:scan_sources: tailwindcss_oxide::scanner: Discovering "G:\\Projects\\Coding\\cryofert-mobile-app\\android\\app\\src\\test\\java\\com"
2025-11-22T17:14:02.386415Z  INFO get_files:scan_sources: tailwindcss_oxide::scanner: Discovering "G:\\Projects\\Coding\\cryofert-mobile-app\\android\\app\\src\\test\\java\\com\\getcapacitor"
2025-11-22T17:14:02.387030Z  INFO get_files:scan_sources: tailwindcss_oxide::scanner: Discovering "G:\\Projects\\Coding\\cryofert-mobile-app\\android\\app\\src\\test\\java\\com\\getcapacitor\\myapp"
2025-11-22T17:14:02.389038Z  INFO get_files:scan_sources: tailwindcss_oxide::scanner: Discovering "G:\\Projects\\Coding\\cryofert-mobile-app\\android\\gradle"
2025-11-22T17:14:02.389671Z  INFO get_files:scan_sources: tailwindcss_oxide::scanner: Discovering "G:\\Projects\\Coding\\cryofert-mobile-app\\android\\gradle\\wrapper"
2025-11-22T17:14:02.392625Z  INFO get_files:scan_sources: tailwindcss_oxide::scanner: Discovering "G:\\Projects\\Coding\\cryofert-mobile-app\\public"
2025-11-22T17:14:02.393416Z  INFO get_files:scan_sources: tailwindcss_oxide::scanner: Discovering "G:\\Projects\\Coding\\cryofert-mobile-app\\src"
2025-11-22T17:14:02.394020Z  INFO get_files:scan_sources: tailwindcss_oxide::scanner: Discovering "G:\\Projects\\Coding\\cryofert-mobile-app\\src\\animations"
2025-11-22T17:14:02.394835Z  INFO get_files:scan_sources: tailwindcss_oxide::scanner: Discovering "G:\\Projects\\Coding\\cryofert-mobile-app\\src\\assets"
2025-11-22T17:14:02.395452Z  INFO get_files:scan_sources: tailwindcss_oxide::scanner: Discovering "G:\\Projects\\Coding\\cryofert-mobile-app\\src\\assets\\images"
2025-11-22T17:14:02.396056Z  INFO get_files:scan_sources: tailwindcss_oxide::scanner: Discovering "G:\\Projects\\Coding\\cryofert-mobile-app\\src\\assets\\images\\logos"
2025-11-22T17:14:02.396674Z  INFO get_files:scan_sources: tailwindcss_oxide::scanner: Discovering "G:\\Projects\\Coding\\cryofert-mobile-app\\src\\assets\\images\\lucide"
2025-11-22T17:14:02.397446Z  INFO get_files:scan_sources: tailwindcss_oxide::scanner: Discovering "G:\\Projects\\Coding\\cryofert-mobile-app\\src\\components"
2025-11-22T17:14:02.398161Z  INFO get_files:scan_sources: tailwindcss_oxide::scanner: Discovering "G:\\Projects\\Coding\\cryofert-mobile-app\\src\\components\\backgrounds"
2025-11-22T17:14:02.398991Z  INFO get_files:scan_sources: tailwindcss_oxide::scanner: Discovering "G:\\Projects\\Coding\\cryofert-mobile-app\\src\\components\\dialogs"
2025-11-22T17:14:02.399895Z  INFO get_files:scan_sources: tailwindcss_oxide::scanner: Discovering "G:\\Projects\\Coding\\cryofert-mobile-app\\src\\components\\history-tab"
2025-11-22T17:14:02.400715Z  INFO get_files:scan_sources: tailwindcss_oxide::scanner: Discovering "G:\\Projects\\Coding\\cryofert-mobile-app\\src\\components\\landing-auth-tabs"
2025-11-22T17:14:02.401530Z  INFO get_files:scan_sources: tailwindcss_oxide::scanner: Discovering "G:\\Projects\\Coding\\cryofert-mobile-app\\src\\components\\libs"
2025-11-22T17:14:02.402129Z  INFO get_files:scan_sources: tailwindcss_oxide::scanner: Discovering "G:\\Projects\\Coding\\cryofert-mobile-app\\src\\components\\libs\\shadcn"
2025-11-22T17:14:02.403189Z  INFO get_files:scan_sources: tailwindcss_oxide::scanner: Discovering "G:\\Projects\\Coding\\cryofert-mobile-app\\src\\components\\treatment-booking"
2025-11-22T17:14:02.404010Z  INFO get_files:scan_sources: tailwindcss_oxide::scanner: Discovering "G:\\Projects\\Coding\\cryofert-mobile-app\\src\\hooks"
2025-11-22T17:14:02.405568Z  INFO get_files:scan_sources: tailwindcss_oxide::scanner: Discovering "G:\\Projects\\Coding\\cryofert-mobile-app\\src\\pages"
2025-11-22T17:14:02.407329Z  INFO get_files:scan_sources: tailwindcss_oxide::scanner: Discovering "G:\\Projects\\Coding\\cryofert-mobile-app\\src\\routes"
2025-11-22T17:14:02.408315Z  INFO get_files:scan_sources: tailwindcss_oxide::scanner: Discovering "G:\\Projects\\Coding\\cryofert-mobile-app\\src\\schemas"
2025-11-22T17:14:02.409822Z  INFO get_files:scan_sources: tailwindcss_oxide::scanner: Discovering "G:\\Projects\\Coding\\cryofert-mobile-app\\src\\services"
2025-11-22T17:14:02.410658Z  INFO get_files:scan_sources: tailwindcss_oxide::scanner: Discovering "G:\\Projects\\Coding\\cryofert-mobile-app\\src\\services\\api-services"
2025-11-22T17:14:02.412112Z  INFO get_files:scan_sources: tailwindcss_oxide::scanner: Discovering "G:\\Projects\\Coding\\cryofert-mobile-app\\src\\stores"
2025-11-22T17:14:02.413008Z  INFO get_files:scan_sources: tailwindcss_oxide::scanner: Discovering "G:\\Projects\\Coding\\cryofert-mobile-app\\src\\utils"
2025-11-22T17:14:02.413865Z  INFO get_files:scan_sources: tailwindcss_oxide::scanner: exit
2025-11-22T17:14:02.413959Z  INFO get_files: tailwindcss_oxide::scanner: exit
2025-11-22T17:14:02.414314Z  INFO get_globs: tailwindcss_oxide::scanner: enter
2025-11-22T17:14:02.414330Z  INFO get_globs:scan_sources: tailwindcss_oxide::scanner: enter
2025-11-22T17:14:02.417459Z  INFO get_globs:scan_sources: tailwindcss_oxide::scanner: Discovering "G:\\Projects\\Coding\\cryofert-mobile-app\\.github"
2025-11-22T17:14:02.418056Z  INFO get_globs:scan_sources: tailwindcss_oxide::scanner: Discovering "G:\\Projects\\Coding\\cryofert-mobile-app\\.github\\configs"
2025-11-22T17:14:02.418818Z  INFO get_globs:scan_sources: tailwindcss_oxide::scanner: Discovering "G:\\Projects\\Coding\\cryofert-mobile-app\\.github\\workflows"
2025-11-22T17:14:02.419465Z  INFO get_globs:scan_sources: tailwindcss_oxide::scanner: Discovering "G:\\Projects\\Coding\\cryofert-mobile-app\\.github\\workflows\\generate-gh-app-token"
2025-11-22T17:14:02.420364Z  INFO get_globs:scan_sources: tailwindcss_oxide::scanner: Discovering "G:\\Projects\\Coding\\cryofert-mobile-app\\.vscode"
2025-11-22T17:14:02.421023Z  INFO get_globs:scan_sources: tailwindcss_oxide::scanner: Discovering "G:\\Projects\\Coding\\cryofert-mobile-app\\android"
2025-11-22T17:14:02.422287Z  INFO get_globs:scan_sources: tailwindcss_oxide::scanner: Discovering "G:\\Projects\\Coding\\cryofert-mobile-app\\android\\app"
2025-11-22T17:14:02.423670Z  INFO get_globs:scan_sources: tailwindcss_oxide::scanner: Discovering "G:\\Projects\\Coding\\cryofert-mobile-app\\android\\app\\src"
2025-11-22T17:14:02.424240Z  INFO get_globs:scan_sources: tailwindcss_oxide::scanner: Discovering "G:\\Projects\\Coding\\cryofert-mobile-app\\android\\app\\src\\androidTest"
2025-11-22T17:14:02.424899Z  INFO get_globs:scan_sources: tailwindcss_oxide::scanner: Discovering "G:\\Projects\\Coding\\cryofert-mobile-app\\android\\app\\src\\androidTest\\java"
2025-11-22T17:14:02.425495Z  INFO get_globs:scan_sources: tailwindcss_oxide::scanner: Discovering "G:\\Projects\\Coding\\cryofert-mobile-app\\android\\app\\src\\androidTest\\java\\com"
2025-11-22T17:14:02.426071Z  INFO get_globs:scan_sources: tailwindcss_oxide::scanner: Discovering "G:\\Projects\\Coding\\cryofert-mobile-app\\android\\app\\src\\androidTest\\java\\com\\getcapacitor"
2025-11-22T17:14:02.426658Z  INFO get_globs:scan_sources: tailwindcss_oxide::scanner: Discovering "G:\\Projects\\Coding\\cryofert-mobile-app\\android\\app\\src\\androidTest\\java\\com\\getcapacitor\\myapp"
2025-11-22T17:14:02.427428Z  INFO get_globs:scan_sources: tailwindcss_oxide::scanner: Discovering "G:\\Projects\\Coding\\cryofert-mobile-app\\android\\app\\src\\main"
2025-11-22T17:14:02.428146Z  INFO get_globs:scan_sources: tailwindcss_oxide::scanner: Discovering "G:\\Projects\\Coding\\cryofert-mobile-app\\android\\app\\src\\main\\assets"
2025-11-22T17:14:02.429207Z  INFO get_globs:scan_sources: tailwindcss_oxide::scanner: Discovering "G:\\Projects\\Coding\\cryofert-mobile-app\\android\\app\\src\\main\\java"
2025-11-22T17:14:02.429776Z  INFO get_globs:scan_sources: tailwindcss_oxide::scanner: Discovering "G:\\Projects\\Coding\\cryofert-mobile-app\\android\\app\\src\\main\\java\\sky"
2025-11-22T17:14:02.430372Z  INFO get_globs:scan_sources: tailwindcss_oxide::scanner: Discovering "G:\\Projects\\Coding\\cryofert-mobile-app\\android\\app\\src\\main\\java\\sky\\ptphongkmf"
2025-11-22T17:14:02.430957Z  INFO get_globs:scan_sources: tailwindcss_oxide::scanner: Discovering "G:\\Projects\\Coding\\cryofert-mobile-app\\android\\app\\src\\main\\java\\sky\\ptphongkmf\\cryofert"
2025-11-22T17:14:02.431755Z  INFO get_globs:scan_sources: tailwindcss_oxide::scanner: Discovering "G:\\Projects\\Coding\\cryofert-mobile-app\\android\\app\\src\\main\\res"
2025-11-22T17:14:02.432371Z  INFO get_globs:scan_sources: tailwindcss_oxide::scanner: Discovering "G:\\Projects\\Coding\\cryofert-mobile-app\\android\\app\\src\\main\\res\\drawable"
2025-11-22T17:14:02.433127Z  INFO get_globs:scan_sources: tailwindcss_oxide::scanner: Discovering "G:\\Projects\\Coding\\cryofert-mobile-app\\android\\app\\src\\main\\res\\drawable-land-hdpi"
2025-11-22T17:14:02.433737Z  INFO get_globs:scan_sources: tailwindcss_oxide::scanner: Discovering "G:\\Projects\\Coding\\cryofert-mobile-app\\android\\app\\src\\main\\res\\drawable-land-mdpi"
2025-11-22T17:14:02.434346Z  INFO get_globs:scan_sources: tailwindcss_oxide::scanner: Discovering "G:\\Projects\\Coding\\cryofert-mobile-app\\android\\app\\src\\main\\res\\drawable-land-xhdpi"
2025-11-22T17:14:02.434954Z  INFO get_globs:scan_sources: tailwindcss_oxide::scanner: Discovering "G:\\Projects\\Coding\\cryofert-mobile-app\\android\\app\\src\\main\\res\\drawable-land-xxhdpi"
2025-11-22T17:14:02.435594Z  INFO get_globs:scan_sources: tailwindcss_oxide::scanner: Discovering "G:\\Projects\\Coding\\cryofert-mobile-app\\android\\app\\src\\main\\res\\drawable-land-xxxhdpi"
2025-11-22T17:14:02.436346Z  INFO get_globs:scan_sources: tailwindcss_oxide::scanner: Discovering "G:\\Projects\\Coding\\cryofert-mobile-app\\android\\app\\src\\main\\res\\drawable-port-hdpi"
2025-11-22T17:14:02.436988Z  INFO get_globs:scan_sources: tailwindcss_oxide::scanner: Discovering "G:\\Projects\\Coding\\cryofert-mobile-app\\android\\app\\src\\main\\res\\drawable-port-mdpi"
2025-11-22T17:14:02.437601Z  INFO get_globs:scan_sources: tailwindcss_oxide::scanner: Discovering "G:\\Projects\\Coding\\cryofert-mobile-app\\android\\app\\src\\main\\res\\drawable-port-xhdpi"
2025-11-22T17:14:02.438215Z  INFO get_globs:scan_sources: tailwindcss_oxide::scanner: Discovering "G:\\Projects\\Coding\\cryofert-mobile-app\\android\\app\\src\\main\\res\\drawable-port-xxhdpi"
2025-11-22T17:14:02.438860Z  INFO get_globs:scan_sources: tailwindcss_oxide::scanner: Discovering "G:\\Projects\\Coding\\cryofert-mobile-app\\android\\app\\src\\main\\res\\drawable-port-xxxhdpi"
2025-11-22T17:14:02.439486Z  INFO get_globs:scan_sources: tailwindcss_oxide::scanner: Discovering "G:\\Projects\\Coding\\cryofert-mobile-app\\android\\app\\src\\main\\res\\drawable-v24"
2025-11-22T17:14:02.440152Z  INFO get_globs:scan_sources: tailwindcss_oxide::scanner: Discovering "G:\\Projects\\Coding\\cryofert-mobile-app\\android\\app\\src\\main\\res\\layout"
2025-11-22T17:14:02.440825Z  INFO get_globs:scan_sources: tailwindcss_oxide::scanner: Discovering "G:\\Projects\\Coding\\cryofert-mobile-app\\android\\app\\src\\main\\res\\mipmap-anydpi-v26"
2025-11-22T17:14:02.441802Z  INFO get_globs:scan_sources: tailwindcss_oxide::scanner: Discovering "G:\\Projects\\Coding\\cryofert-mobile-app\\android\\app\\src\\main\\res\\mipmap-hdpi"
2025-11-22T17:14:02.442447Z  INFO get_globs:scan_sources: tailwindcss_oxide::scanner: Discovering "G:\\Projects\\Coding\\cryofert-mobile-app\\android\\app\\src\\main\\res\\mipmap-mdpi"
2025-11-22T17:14:02.443013Z  INFO get_globs:scan_sources: tailwindcss_oxide::scanner: Discovering "G:\\Projects\\Coding\\cryofert-mobile-app\\android\\app\\src\\main\\res\\mipmap-xhdpi"
2025-11-22T17:14:02.443615Z  INFO get_globs:scan_sources: tailwindcss_oxide::scanner: Discovering "G:\\Projects\\Coding\\cryofert-mobile-app\\android\\app\\src\\main\\res\\mipmap-xxhdpi"
2025-11-22T17:14:02.444209Z  INFO get_globs:scan_sources: tailwindcss_oxide::scanner: Discovering "G:\\Projects\\Coding\\cryofert-mobile-app\\android\\app\\src\\main\\res\\mipmap-xxxhdpi"
2025-11-22T17:14:02.444791Z  INFO get_globs:scan_sources: tailwindcss_oxide::scanner: Discovering "G:\\Projects\\Coding\\cryofert-mobile-app\\android\\app\\src\\main\\res\\values"
2025-11-22T17:14:02.445872Z  INFO get_globs:scan_sources: tailwindcss_oxide::scanner: Discovering "G:\\Projects\\Coding\\cryofert-mobile-app\\android\\app\\src\\main\\res\\xml"
2025-11-22T17:14:02.446606Z  INFO get_globs:scan_sources: tailwindcss_oxide::scanner: Discovering "G:\\Projects\\Coding\\cryofert-mobile-app\\android\\app\\src\\test"
2025-11-22T17:14:02.447132Z  INFO get_globs:scan_sources: tailwindcss_oxide::scanner: Discovering "G:\\Projects\\Coding\\cryofert-mobile-app\\android\\app\\src\\test\\java"
2025-11-22T17:14:02.447653Z  INFO get_globs:scan_sources: tailwindcss_oxide::scanner: Discovering "G:\\Projects\\Coding\\cryofert-mobile-app\\android\\app\\src\\test\\java\\com"
2025-11-22T17:14:02.448200Z  INFO get_globs:scan_sources: tailwindcss_oxide::scanner: Discovering "G:\\Projects\\Coding\\cryofert-mobile-app\\android\\app\\src\\test\\java\\com\\getcapacitor"
2025-11-22T17:14:02.448756Z  INFO get_globs:scan_sources: tailwindcss_oxide::scanner: Discovering "G:\\Projects\\Coding\\cryofert-mobile-app\\android\\app\\src\\test\\java\\com\\getcapacitor\\myapp"
2025-11-22T17:14:02.450603Z  INFO get_globs:scan_sources: tailwindcss_oxide::scanner: Discovering "G:\\Projects\\Coding\\cryofert-mobile-app\\android\\gradle"
2025-11-22T17:14:02.451169Z  INFO get_globs:scan_sources: tailwindcss_oxide::scanner: Discovering "G:\\Projects\\Coding\\cryofert-mobile-app\\android\\gradle\\wrapper"
2025-11-22T17:14:02.455131Z  INFO get_globs:scan_sources: tailwindcss_oxide::scanner: Discovering "G:\\Projects\\Coding\\cryofert-mobile-app\\public"
2025-11-22T17:14:02.456089Z  INFO get_globs:scan_sources: tailwindcss_oxide::scanner: Discovering "G:\\Projects\\Coding\\cryofert-mobile-app\\src"
2025-11-22T17:14:02.456695Z  INFO get_globs:scan_sources: tailwindcss_oxide::scanner: Discovering "G:\\Projects\\Coding\\cryofert-mobile-app\\src\\animations"
2025-11-22T17:14:02.457447Z  INFO get_globs:scan_sources: tailwindcss_oxide::scanner: Discovering "G:\\Projects\\Coding\\cryofert-mobile-app\\src\\assets"
2025-11-22T17:14:02.458006Z  INFO get_globs:scan_sources: tailwindcss_oxide::scanner: Discovering "G:\\Projects\\Coding\\cryofert-mobile-app\\src\\assets\\images"
2025-11-22T17:14:02.458575Z  INFO get_globs:scan_sources: tailwindcss_oxide::scanner: Discovering "G:\\Projects\\Coding\\cryofert-mobile-app\\src\\assets\\images\\logos"
2025-11-22T17:14:02.459163Z  INFO get_globs:scan_sources: tailwindcss_oxide::scanner: Discovering "G:\\Projects\\Coding\\cryofert-mobile-app\\src\\assets\\images\\lucide"
2025-11-22T17:14:02.459929Z  INFO get_globs:scan_sources: tailwindcss_oxide::scanner: Discovering "G:\\Projects\\Coding\\cryofert-mobile-app\\src\\components"
2025-11-22T17:14:02.460586Z  INFO get_globs:scan_sources: tailwindcss_oxide::scanner: Discovering "G:\\Projects\\Coding\\cryofert-mobile-app\\src\\components\\backgrounds"
2025-11-22T17:14:02.461337Z  INFO get_globs:scan_sources: tailwindcss_oxide::scanner: Discovering "G:\\Projects\\Coding\\cryofert-mobile-app\\src\\components\\dialogs"
2025-11-22T17:14:02.462161Z  INFO get_globs:scan_sources: tailwindcss_oxide::scanner: Discovering "G:\\Projects\\Coding\\cryofert-mobile-app\\src\\components\\history-tab"
2025-11-22T17:14:02.462912Z  INFO get_globs:scan_sources: tailwindcss_oxide::scanner: Discovering "G:\\Projects\\Coding\\cryofert-mobile-app\\src\\components\\landing-auth-tabs"
2025-11-22T17:14:02.463654Z  INFO get_globs:scan_sources: tailwindcss_oxide::scanner: Discovering "G:\\Projects\\Coding\\cryofert-mobile-app\\src\\components\\libs"
2025-11-22T17:14:02.464202Z  INFO get_globs:scan_sources: tailwindcss_oxide::scanner: Discovering "G:\\Projects\\Coding\\cryofert-mobile-app\\src\\components\\libs\\shadcn"
2025-11-22T17:14:02.465224Z  INFO get_globs:scan_sources: tailwindcss_oxide::scanner: Discovering "G:\\Projects\\Coding\\cryofert-mobile-app\\src\\components\\treatment-booking"
2025-11-22T17:14:02.465972Z  INFO get_globs:scan_sources: tailwindcss_oxide::scanner: Discovering "G:\\Projects\\Coding\\cryofert-mobile-app\\src\\hooks"
2025-11-22T17:14:02.467402Z  INFO get_globs:scan_sources: tailwindcss_oxide::scanner: Discovering "G:\\Projects\\Coding\\cryofert-mobile-app\\src\\pages"
2025-11-22T17:14:02.468969Z  INFO get_globs:scan_sources: tailwindcss_oxide::scanner: Discovering "G:\\Projects\\Coding\\cryofert-mobile-app\\src\\routes"
2025-11-22T17:14:02.469914Z  INFO get_globs:scan_sources: tailwindcss_oxide::scanner: Discovering "G:\\Projects\\Coding\\cryofert-mobile-app\\src\\schemas"
2025-11-22T17:14:02.471273Z  INFO get_globs:scan_sources: tailwindcss_oxide::scanner: Discovering "G:\\Projects\\Coding\\cryofert-mobile-app\\src\\services"
2025-11-22T17:14:02.471841Z  INFO get_globs:scan_sources: tailwindcss_oxide::scanner: Discovering "G:\\Projects\\Coding\\cryofert-mobile-app\\src\\services\\api-services"
2025-11-22T17:14:02.473266Z  INFO get_globs:scan_sources: tailwindcss_oxide::scanner: Discovering "G:\\Projects\\Coding\\cryofert-mobile-app\\src\\stores"
2025-11-22T17:14:02.474147Z  INFO get_globs:scan_sources: tailwindcss_oxide::scanner: Discovering "G:\\Projects\\Coding\\cryofert-mobile-app\\src\\utils"
2025-11-22T17:14:02.474963Z  INFO get_globs:scan_sources: tailwindcss_oxide::scanner: exit
2025-11-22T17:14:02.800162Z  INFO get_globs: tailwindcss_oxide::scanner: exit
2025-11-22T17:14:02.883632Z  INFO tailwindcss_oxide::scanner: Provided sources:
2025-11-22T17:14:02.883652Z  INFO tailwindcss_oxide::scanner: Source: PublicSourceEntry { base: "G:/Projects/Coding/cryofert-mobile-app", pattern: "**/*", negated: false }
2025-11-22T17:14:02.883828Z  INFO tailwindcss_oxide::scanner: Optimized sources:
2025-11-22T17:14:02.883836Z  INFO tailwindcss_oxide::scanner: Source: Auto { base: "G:\\Projects\\Coding\\cryofert-mobile-app" }
2025-11-22T17:14:03.235953Z  INFO tailwindcss_oxide::scanner: Provided sources:
2025-11-22T17:14:03.235977Z  INFO tailwindcss_oxide::scanner: Source: PublicSourceEntry { base: "G:/Projects/Coding/cryofert-mobile-app", pattern: "**/*", negated: false }
2025-11-22T17:14:03.236295Z  INFO tailwindcss_oxide::scanner: Optimized sources:
2025-11-22T17:14:03.236308Z  INFO tailwindcss_oxide::scanner: Source: Auto { base: "G:\\Projects\\Coding\\cryofert-mobile-app" }
2025-11-22T17:14:03.242471Z  INFO tailwindcss_oxide::scanner: Provided sources:
2025-11-22T17:14:03.242492Z  INFO tailwindcss_oxide::scanner: Source: PublicSourceEntry { base: "G:/Projects/Coding/cryofert-mobile-app", pattern: "**/*", negated: false }
2025-11-22T17:14:03.242715Z  INFO tailwindcss_oxide::scanner: Optimized sources:
2025-11-22T17:14:03.242727Z  INFO tailwindcss_oxide::scanner: Source: Auto { base: "G:\\Projects\\Coding\\cryofert-mobile-app" }
2025-11-22T17:14:03.248751Z  INFO tailwindcss_oxide::scanner: Provided sources:
2025-11-22T17:14:03.248772Z  INFO tailwindcss_oxide::scanner: Source: PublicSourceEntry { base: "G:/Projects/Coding/cryofert-mobile-app", pattern: "**/*", negated: false }
2025-11-22T17:14:03.248960Z  INFO tailwindcss_oxide::scanner: Optimized sources:
2025-11-22T17:14:03.248969Z  INFO tailwindcss_oxide::scanner: Source: Auto { base: "G:\\Projects\\Coding\\cryofert-mobile-app" }
2025-11-22T17:14:03.272846Z  INFO tailwindcss_oxide::scanner: Provided sources:
2025-11-22T17:14:03.272868Z  INFO tailwindcss_oxide::scanner: Source: PublicSourceEntry { base: "G:/Projects/Coding/cryofert-mobile-app", pattern: "**/*", negated: false }
2025-11-22T17:14:03.273117Z  INFO tailwindcss_oxide::scanner: Optimized sources:
2025-11-22T17:14:03.273150Z  INFO tailwindcss_oxide::scanner: Source: Auto { base: "G:\\Projects\\Coding\\cryofert-mobile-app" }
2025-11-22T17:14:03.276256Z  INFO tailwindcss_oxide::scanner: Provided sources:
2025-11-22T17:14:03.276275Z  INFO tailwindcss_oxide::scanner: Source: PublicSourceEntry { base: "G:/Projects/Coding/cryofert-mobile-app", pattern: "**/*", negated: false }
2025-11-22T17:14:03.276452Z  INFO tailwindcss_oxide::scanner: Optimized sources:
2025-11-22T17:14:03.276459Z  INFO tailwindcss_oxide::scanner: Source: Auto { base: "G:\\Projects\\Coding\\cryofert-mobile-app" }
2025-11-22T17:14:03.280079Z  INFO tailwindcss_oxide::scanner: Provided sources:
2025-11-22T17:14:03.280102Z  INFO tailwindcss_oxide::scanner: Source: PublicSourceEntry { base: "G:/Projects/Coding/cryofert-mobile-app", pattern: "**/*", negated: false }
2025-11-22T17:14:03.280326Z  INFO tailwindcss_oxide::scanner: Optimized sources:
2025-11-22T17:14:03.280337Z  INFO tailwindcss_oxide::scanner: Source: Auto { base: "G:\\Projects\\Coding\\cryofert-mobile-app" }
2025-11-22T17:14:03.283892Z  INFO tailwindcss_oxide::scanner: Provided sources:
2025-11-22T17:14:03.283912Z  INFO tailwindcss_oxide::scanner: Source: PublicSourceEntry { base: "G:/Projects/Coding/cryofert-mobile-app", pattern: "**/*", negated: false }
2025-11-22T17:14:03.284182Z  INFO tailwindcss_oxide::scanner: Optimized sources:
2025-11-22T17:14:03.284198Z  INFO tailwindcss_oxide::scanner: Source: Auto { base: "G:\\Projects\\Coding\\cryofert-mobile-app" }
2025-11-22T17:14:03.288037Z  INFO tailwindcss_oxide::scanner: Provided sources:
2025-11-22T17:14:03.288061Z  INFO tailwindcss_oxide::scanner: Source: PublicSourceEntry { base: "G:/Projects/Coding/cryofert-mobile-app", pattern: "**/*", negated: false }
2025-11-22T17:14:03.288287Z  INFO tailwindcss_oxide::scanner: Optimized sources:
2025-11-22T17:14:03.288298Z  INFO tailwindcss_oxide::scanner: Source: Auto { base: "G:\\Projects\\Coding\\cryofert-mobile-app" }
2025-11-22T17:14:03.292401Z  INFO tailwindcss_oxide::scanner: Provided sources:
2025-11-22T17:14:03.292430Z  INFO tailwindcss_oxide::scanner: Source: PublicSourceEntry { base: "G:/Projects/Coding/cryofert-mobile-app", pattern: "**/*", negated: false }
2025-11-22T17:14:03.292704Z  INFO tailwindcss_oxide::scanner: Optimized sources:
2025-11-22T17:14:03.292717Z  INFO tailwindcss_oxide::scanner: Source: Auto { base: "G:\\Projects\\Coding\\cryofert-mobile-app" }
2025-11-22T17:14:03.298687Z  INFO tailwindcss_oxide::scanner: Provided sources:
2025-11-22T17:14:03.298721Z  INFO tailwindcss_oxide::scanner: Source: PublicSourceEntry { base: "G:/Projects/Coding/cryofert-mobile-app", pattern: "**/*", negated: false }
2025-11-22T17:14:03.299014Z  INFO tailwindcss_oxide::scanner: Optimized sources:
2025-11-22T17:14:03.299037Z  INFO tailwindcss_oxide::scanner: Source: Auto { base: "G:\\Projects\\Coding\\cryofert-mobile-app" }
2025-11-22T17:14:03.306452Z  INFO tailwindcss_oxide::scanner: Provided sources:
2025-11-22T17:14:03.306469Z  INFO tailwindcss_oxide::scanner: Source: PublicSourceEntry { base: "G:/Projects/Coding/cryofert-mobile-app", pattern: "**/*", negated: false }
2025-11-22T17:14:03.306652Z  INFO tailwindcss_oxide::scanner: Optimized sources:
2025-11-22T17:14:03.306660Z  INFO tailwindcss_oxide::scanner: Source: Auto { base: "G:\\Projects\\Coding\\cryofert-mobile-app" }
